Archive member included to satisfy reference by file (symbol)

/opt/homebrew/Cellar/gcc-arm-none-eabi/20200630/bin/../lib/gcc/arm-none-eabi/9.3.1/thumb/v7e-m+fp/hard/libgcc.a(_aeabi_ldivmod.o)
                              build/uart.o (__aeabi_ldivmod)
/opt/homebrew/Cellar/gcc-arm-none-eabi/20200630/bin/../lib/gcc/arm-none-eabi/9.3.1/thumb/v7e-m+fp/hard/libgcc.a(_aeabi_uldivmod.o)
                              build/uart.o (__aeabi_uldivmod)
/opt/homebrew/Cellar/gcc-arm-none-eabi/20200630/bin/../lib/gcc/arm-none-eabi/9.3.1/thumb/v7e-m+fp/hard/libgcc.a(_udivmoddi4.o)
                              /opt/homebrew/Cellar/gcc-arm-none-eabi/20200630/bin/../lib/gcc/arm-none-eabi/9.3.1/thumb/v7e-m+fp/hard/libgcc.a(_aeabi_ldivmod.o) (__udivmoddi4)
/opt/homebrew/Cellar/gcc-arm-none-eabi/20200630/bin/../lib/gcc/arm-none-eabi/9.3.1/thumb/v7e-m+fp/hard/libgcc.a(_dvmd_tls.o)
                              /opt/homebrew/Cellar/gcc-arm-none-eabi/20200630/bin/../lib/gcc/arm-none-eabi/9.3.1/thumb/v7e-m+fp/hard/libgcc.a(_aeabi_ldivmod.o) (__aeabi_ldiv0)
/opt/homebrew/Cellar/gcc-arm-none-eabi/20200630/bin/../lib/gcc/arm-none-eabi/9.3.1/../../../../arm-none-eabi/lib/thumb/v7e-m+fp/hard/libc_nano.a(lib_a-ctype_.o)
                              build/cmd_parser.o (_ctype_)
/opt/homebrew/Cellar/gcc-arm-none-eabi/20200630/bin/../lib/gcc/arm-none-eabi/9.3.1/../../../../arm-none-eabi/lib/thumb/v7e-m+fp/hard/libc_nano.a(lib_a-exit.o)
                              /opt/homebrew/Cellar/gcc-arm-none-eabi/20200630/bin/../lib/gcc/arm-none-eabi/9.3.1/../../../../arm-none-eabi/lib/thumb/v7e-m+fp/hard/crt0.o (exit)
/opt/homebrew/Cellar/gcc-arm-none-eabi/20200630/bin/../lib/gcc/arm-none-eabi/9.3.1/../../../../arm-none-eabi/lib/thumb/v7e-m+fp/hard/libc_nano.a(lib_a-getchar.o)
                              build/cmd_line_buffer.o (getchar)
/opt/homebrew/Cellar/gcc-arm-none-eabi/20200630/bin/../lib/gcc/arm-none-eabi/9.3.1/../../../../arm-none-eabi/lib/thumb/v7e-m+fp/hard/libc_nano.a(lib_a-impure.o)
                              /opt/homebrew/Cellar/gcc-arm-none-eabi/20200630/bin/../lib/gcc/arm-none-eabi/9.3.1/../../../../arm-none-eabi/lib/thumb/v7e-m+fp/hard/libc_nano.a(lib_a-exit.o) (_global_impure_ptr)
/opt/homebrew/Cellar/gcc-arm-none-eabi/20200630/bin/../lib/gcc/arm-none-eabi/9.3.1/../../../../arm-none-eabi/lib/thumb/v7e-m+fp/hard/libc_nano.a(lib_a-init.o)
                              /opt/homebrew/Cellar/gcc-arm-none-eabi/20200630/bin/../lib/gcc/arm-none-eabi/9.3.1/../../../../arm-none-eabi/lib/thumb/v7e-m+fp/hard/crt0.o (__libc_init_array)
/opt/homebrew/Cellar/gcc-arm-none-eabi/20200630/bin/../lib/gcc/arm-none-eabi/9.3.1/../../../../arm-none-eabi/lib/thumb/v7e-m+fp/hard/libc_nano.a(lib_a-malloc.o)
                              build/FreeRTOS/heap_useNewlib.o (malloc)
/opt/homebrew/Cellar/gcc-arm-none-eabi/20200630/bin/../lib/gcc/arm-none-eabi/9.3.1/../../../../arm-none-eabi/lib/thumb/v7e-m+fp/hard/libc_nano.a(lib_a-memcpy-stub.o)
                              build/FreeRTOS/queue.o (memcpy)
/opt/homebrew/Cellar/gcc-arm-none-eabi/20200630/bin/../lib/gcc/arm-none-eabi/9.3.1/../../../../arm-none-eabi/lib/thumb/v7e-m+fp/hard/libc_nano.a(lib_a-memset.o)
                              /opt/homebrew/Cellar/gcc-arm-none-eabi/20200630/bin/../lib/gcc/arm-none-eabi/9.3.1/../../../../arm-none-eabi/lib/thumb/v7e-m+fp/hard/crt0.o (memset)
/opt/homebrew/Cellar/gcc-arm-none-eabi/20200630/bin/../lib/gcc/arm-none-eabi/9.3.1/../../../../arm-none-eabi/lib/thumb/v7e-m+fp/hard/libc_nano.a(lib_a-mstats.o)
                              build/FreeRTOS/heap_useNewlib.o (mallinfo)
/opt/homebrew/Cellar/gcc-arm-none-eabi/20200630/bin/../lib/gcc/arm-none-eabi/9.3.1/../../../../arm-none-eabi/lib/thumb/v7e-m+fp/hard/libc_nano.a(lib_a-nano-freer.o)
                              /opt/homebrew/Cellar/gcc-arm-none-eabi/20200630/bin/../lib/gcc/arm-none-eabi/9.3.1/../../../../arm-none-eabi/lib/thumb/v7e-m+fp/hard/libc_nano.a(lib_a-malloc.o) (_free_r)
/opt/homebrew/Cellar/gcc-arm-none-eabi/20200630/bin/../lib/gcc/arm-none-eabi/9.3.1/../../../../arm-none-eabi/lib/thumb/v7e-m+fp/hard/libc_nano.a(lib_a-nano-mallinfor.o)
                              /opt/homebrew/Cellar/gcc-arm-none-eabi/20200630/bin/../lib/gcc/arm-none-eabi/9.3.1/../../../../arm-none-eabi/lib/thumb/v7e-m+fp/hard/libc_nano.a(lib_a-mstats.o) (_mallinfo_r)
/opt/homebrew/Cellar/gcc-arm-none-eabi/20200630/bin/../lib/gcc/arm-none-eabi/9.3.1/../../../../arm-none-eabi/lib/thumb/v7e-m+fp/hard/libc_nano.a(lib_a-nano-mallocr.o)
                              /opt/homebrew/Cellar/gcc-arm-none-eabi/20200630/bin/../lib/gcc/arm-none-eabi/9.3.1/../../../../arm-none-eabi/lib/thumb/v7e-m+fp/hard/libc_nano.a(lib_a-malloc.o) (_malloc_r)
/opt/homebrew/Cellar/gcc-arm-none-eabi/20200630/bin/../lib/gcc/arm-none-eabi/9.3.1/../../../../arm-none-eabi/lib/thumb/v7e-m+fp/hard/libc_nano.a(lib_a-nano-malloptr.o)
[...]
Memory Configuration

Name             Origin             Length             Attributes
FLASH            0x0000000008000000 0x0000000000080000 xr
RAM              0x0000000020000000 0x0000000000020000 xrw
*default*        0x0000000000000000 0xffffffffffffffff

Linker script and memory map

LOAD /opt/homebrew/Cellar/gcc-arm-none-eabi/20200630/bin/../lib/gcc/arm-none-eabi/9.3.1/thumb/v7e-m+fp/hard/crti.o
LOAD /opt/homebrew/Cellar/gcc-arm-none-eabi/20200630/bin/../lib/gcc/arm-none-eabi/9.3.1/thumb/v7e-m+fp/hard/crtbegin.o
LOAD /opt/homebrew/Cellar/gcc-arm-none-eabi/20200630/bin/../lib/gcc/arm-none-eabi/9.3.1/../../../../arm-none-eabi/lib/thumb/v7e-m+fp/hard/crt0.o
LOAD build/stm32f4xx_it.o
LOAD build/system_stm32f4xx.o
LOAD build/cmd_line_buffer.o
LOAD build/cmd_parser.o
LOAD build/cmd_task.o
LOAD build/main.o
LOAD build/uart.o
LOAD build/heartbeat_task.o
LOAD build/heartbeat_cmd.o
LOAD build/dummy_task.o
LOAD build/startup_stm32f446xx.o
LOAD build/stm32f4_HAL/stm32f4xx_hal.o
LOAD build/stm32f4_HAL/stm32f4xx_hal_dma.o
LOAD build/stm32f4_HAL/stm32f4xx_hal_adc.o
LOAD build/stm32f4_HAL/stm32f4xx_hal_adc_ex.o
LOAD build/stm32f4_HAL/stm32f4xx_hal_gpio.o
LOAD build/stm32f4_HAL/stm32f4xx_ll_gpio.o
LOAD build/stm32f4_HAL/stm32f4xx_ll_usart.o
LOAD build/stm32f4_HAL/stm32f4xx_ll_dma.o
LOAD build/stm32f4_HAL/stm32f4xx_ll_rcc.o
LOAD build/stm32f4_HAL/stm32f4xx_hal_i2c.o
LOAD build/stm32f4_HAL/stm32f4xx_hal_i2c_ex.o
LOAD build/stm32f4_HAL/stm32f4xx_hal_tim.o
LOAD build/stm32f4_HAL/stm32f4xx_hal_tim_ex.o
LOAD build/stm32f4_HAL/stm32f4xx_hal_rtc.o
LOAD build/stm32f4_HAL/stm32f4xx_hal_rcc.o
LOAD build/stm32f4_HAL/stm32f4xx_hal_rcc_ex.o
LOAD build/stm32f4_HAL/stm32f4xx_hal_pwr.o
LOAD build/stm32f4_HAL/stm32f4xx_hal_pwr_ex.o
LOAD build/stm32f4_HAL/stm32f4xx_hal_cortex.o
LOAD build/stm32f4_HAL/stm32f4xx_hal_spi.o
LOAD build/stm32f4_HAL/stm32f4xx_hal_dac.o
LOAD build/stm32f4_HAL/stm32f4xx_hal_dac_ex.o
LOAD build/stm32f4_HAL/stm32f4xx_hal_can.o
LOAD build/FreeRTOS/croutine.o
LOAD build/FreeRTOS/event_groups.o
LOAD build/FreeRTOS/list.o
LOAD build/FreeRTOS/queue.o
LOAD build/FreeRTOS/tasks.o
LOAD build/FreeRTOS/timers.o
LOAD build/FreeRTOS/stream_buffer.o
LOAD build/FreeRTOS/cmsis_os2.o
LOAD build/FreeRTOS/clib_arm.o
LOAD build/FreeRTOS/os_systick.o
LOAD build/FreeRTOS/heap_useNewlib.o
LOAD build/FreeRTOS/port.o
LOAD /opt/homebrew/Cellar/gcc-arm-none-eabi/20200630/bin/../lib/gcc/arm-none-eabi/9.3.1/../../../../arm-none-eabi/lib/thumb/v7e-m+fp/hard/libm.a
LOAD ../../libraries/STM32Cube_F4_FW/Drivers/CMSIS/Lib/GCC/libarm_cortexM4lf_math.a
START GROUP
LOAD /opt/homebrew/Cellar/gcc-arm-none-eabi/20200630/bin/../lib/gcc/arm-none-eabi/9.3.1/thumb/v7e-m+fp/hard/libgcc.a
LOAD /opt/homebrew/Cellar/gcc-arm-none-eabi/20200630/bin/../lib/gcc/arm-none-eabi/9.3.1/../../../../arm-none-eabi/lib/thumb/v7e-m+fp/hard/libc_nano.a
END GROUP
START GROUP
LOAD /opt/homebrew/Cellar/gcc-arm-none-eabi/20200630/bin/../lib/gcc/arm-none-eabi/9.3.1/thumb/v7e-m+fp/hard/libgcc.a
LOAD /opt/homebrew/Cellar/gcc-arm-none-eabi/20200630/bin/../lib/gcc/arm-none-eabi/9.3.1/../../../../arm-none-eabi/lib/thumb/v7e-m+fp/hard/libc_nano.a
LOAD /opt/homebrew/Cellar/gcc-arm-none-eabi/20200630/bin/../lib/gcc/arm-none-eabi/9.3.1/../../../../arm-none-eabi/lib/thumb/v7e-m+fp/hard/libnosys.a
END GROUP
START GROUP
LOAD /opt/homebrew/Cellar/gcc-arm-none-eabi/20200630/bin/../lib/gcc/arm-none-eabi/9.3.1/thumb/v7e-m+fp/hard/libgcc.a
LOAD /opt/homebrew/Cellar/gcc-arm-none-eabi/20200630/bin/../lib/gcc/arm-none-eabi/9.3.1/../../../../arm-none-eabi/lib/thumb/v7e-m+fp/hard/libc_nano.a
LOAD /opt/homebrew/Cellar/gcc-arm-none-eabi/20200630/bin/../lib/gcc/arm-none-eabi/9.3.1/../../../../arm-none-eabi/lib/thumb/v7e-m+fp/hard/libnosys.a
END GROUP
LOAD /opt/homebrew/Cellar/gcc-arm-none-eabi/20200630/bin/../lib/gcc/arm-none-eabi/9.3.1/thumb/v7e-m+fp/hard/crtend.o
LOAD /opt/homebrew/Cellar/gcc-arm-none-eabi/20200630/bin/../lib/gcc/arm-none-eabi/9.3.1/thumb/v7e-m+fp/hard/crtn.o
                0x0000000020020000                _estack = 0x20020000
                0x0000000000010000                _Min_Heap_Size = 0x10000
                0x0000000000002000                _Min_Stack_Size = 0x2000

.isr_vector     0x0000000008000000      0x1c4
                0x0000000008000000                . = ALIGN (0x4)
 *(.isr_vector)
 .isr_vector    0x0000000008000000      0x1c4 build/startup_stm32f446xx.o
                0x0000000008000000                g_pfnVectors
                0x00000000080001c4                . = ALIGN (0x4)

.text           0x00000000080001d0    0x16728
                0x00000000080001d0                . = ALIGN (0x4)
 *(.text)
 .text          0x00000000080001d0        0x0 /opt/homebrew/Cellar/gcc-arm-none-eabi/20200630/bin/../lib/gcc/arm-none-eabi/9.3.1/thumb/v7e-m+fp/hard/crti.o
 .text          0x00000000080001d0       0x40 /opt/homebrew/Cellar/gcc-arm-none-eabi/20200630/bin/../lib/gcc/arm-none-eabi/9.3.1/thumb/v7e-m+fp/hard/crtbegin.o
 .text          0x0000000008000210       0x7c /opt/homebrew/Cellar/gcc-arm-none-eabi/20200630/bin/../lib/gcc/arm-none-eabi/9.3.1/../../../../arm-none-eabi/lib/thumb/v7e-m+fp/hard/crt0.o
                0x0000000008000210                _stack_init
                0x0000000008000218                _mainCRTStartup
                0x0000000008000218                _start
 .text          0x000000000800028c        0xc build/stm32f4xx_it.o
                0x000000000800028c                NMI_Handler
                0x000000000800028e                HardFault_Handler
                0x0000000008000290                MemManage_Handler
                0x0000000008000292                BusFault_Handler
                0x0000000008000294                UsageFault_Handler
                0x0000000008000296                DebugMon_Handler
 .text          0x0000000008000298       0xc0 build/system_stm32f4xx.o
                0x0000000008000298                SystemInit
                0x00000000080002e4                SystemCoreClockUpdate
 .text          0x0000000008000358      0x104 build/cmd_line_buffer.o
                0x0000000008000358                clb_init
                0x0000000008000362                clb_is_empty
                0x000000000800036c                clb_is_full
                0x000000000800037a                clb_delc
                0x0000000008000384                clb_is_cmd_ready
                0x000000000800039c                clb_putc
                0x00000000080003bc                clb_consume_char
                0x00000000080003e4                clb_consume_str
                0x00000000080003fe                clb_gets_at
                0x0000000008000416                clb_gets
                0x000000000800041c                clb_process
 .text          0x000000000800045c      0x15c build/cmd_parser.o
                0x00000000080004f8                cmd_parse
 .text          0x00000000080005b8       0x4c build/cmd_task.o
                0x00000000080005d8                cmd_task_init
 .text          0x0000000008000604        0x0 build/main.o
 .text          0x0000000008000604      0x47c build/uart.o
                0x0000000008000604                uart_init
                0x00000000080008d8                __wrap_printf
                0x0000000008000910                __io_putchar
                0x0000000008000940                __io_getchar
                0x000000000800095c                _write
                0x0000000008000978                _read
                0x000000000800098c                _uart_rxne_isr
                0x00000000080009b4                _uart_txe_isr
                0x00000000080009ec                _uart_error
                0x0000000008000a44                USART2_IRQHandler
 .text          0x0000000008000a80       0xc4 build/heartbeat_task.o
                0x0000000008000a9c                heartbeat_task_init
                0x0000000008000af8                heartbeat_task_start
                0x0000000008000b10                heartbeat_task_stop
                0x0000000008000b28                heartbeat_task_is_running
                0x0000000008000b34                heartbeat_task_deinit
 .text          0x0000000008000b44       0x70 build/heartbeat_cmd.o
                0x0000000008000b44                heartbeat_cmd
 .text          0x0000000008000bb4       0x80 build/dummy_task.o
                0x0000000008000bc0                dummy_task_init
                0x0000000008000be8                dummy_task_start
                0x0000000008000c00                dummy_task_stop
                0x0000000008000c18                dummy_task_is_running
                0x0000000008000c24                dummy_task_deinit
 .text          0x0000000008000c34       0x14 build/startup_stm32f446xx.o
 .text          0x0000000008000c48      0x20c build/stm32f4_HAL/stm32f4xx_hal.o
                0x0000000008000c48                HAL_MspInit
                0x0000000008000c4a                HAL_MspDeInit
                0x0000000008000c4c                HAL_DeInit
                0x0000000008000c78                HAL_InitTick
                0x0000000008000cbc                HAL_Init
                0x0000000008000cf0                HAL_IncTick
                0x0000000008000d08                HAL_GetTick
                0x0000000008000d14                HAL_GetTickPrio
                0x0000000008000d20                HAL_SetTickFreq
                0x0000000008000d40                HAL_GetTickFreq
                0x0000000008000d4c                HAL_Delay
                0x0000000008000d74                HAL_SuspendTick
                0x0000000008000d84                HAL_ResumeTick
                0x0000000008000d94                HAL_GetHalVersion
                0x0000000008000d9c                HAL_GetREVID
                0x0000000008000da8                HAL_GetDEVID
                0x0000000008000db8                HAL_DBGMCU_EnableDBGSleepMode
                0x0000000008000dc8                HAL_DBGMCU_DisableDBGSleepMode
                0x0000000008000dd8                HAL_DBGMCU_EnableDBGStopMode
                0x0000000008000de8                HAL_DBGMCU_DisableDBGStopMode
                0x0000000008000df8                HAL_DBGMCU_EnableDBGStandbyMode
                0x0000000008000e08                HAL_DBGMCU_DisableDBGStandbyMode
                0x0000000008000e18                HAL_EnableCompensationCell
                0x0000000008000e24                HAL_DisableCompensationCell
                0x0000000008000e30                HAL_GetUIDw0
                0x0000000008000e3c                HAL_GetUIDw1
                0x0000000008000e48                HAL_GetUIDw2
 .text          0x0000000008000e54      0x630 build/stm32f4_HAL/stm32f4xx_hal_dma.o
                0x0000000008000e80                HAL_DMA_Init
                0x0000000008000f80                HAL_DMA_DeInit
                0x0000000008000fd4                HAL_DMA_Start
                0x0000000008001028                HAL_DMA_Start_IT
                0x000000000800109c                HAL_DMA_Abort
                0x0000000008001124                HAL_DMA_Abort_IT
                0x0000000008001148                HAL_DMA_PollForTransfer
                0x0000000008001256                HAL_DMA_IRQHandler
                0x00000000080013d0                HAL_DMA_RegisterCallback
                0x0000000008001418                HAL_DMA_UnRegisterCallback
                0x000000000800147a                HAL_DMA_GetState
                0x0000000008001480                HAL_DMA_GetError
 .text          0x0000000008001484      0x9c8 build/stm32f4_HAL/stm32f4xx_hal_adc.o
                0x0000000008001484                HAL_ADC_MspInit
                0x0000000008001486                HAL_ADC_Init
                0x00000000080015d4                HAL_ADC_MspDeInit
                0x00000000080015d6                HAL_ADC_DeInit
                0x000000000800160a                HAL_ADC_Start
                0x00000000080016f4                HAL_ADC_Stop
                0x000000000800172a                HAL_ADC_PollForConversion
                0x00000000080017c8                HAL_ADC_PollForEvent
                0x000000000800182e                HAL_ADC_Start_IT
                0x0000000008001924                HAL_ADC_Stop_IT
                0x000000000800196c                HAL_ADC_Start_DMA
                0x0000000008001a90                HAL_ADC_Stop_DMA
                0x0000000008001aea                HAL_ADC_GetValue
                0x0000000008001af0                HAL_ADC_ConvCpltCallback
                0x0000000008001af2                HAL_ADC_ConvHalfCpltCallback
                0x0000000008001afe                HAL_ADC_LevelOutOfWindowCallback
                0x0000000008001b00                HAL_ADC_ErrorCallback
                0x0000000008001b02                HAL_ADC_IRQHandler
                0x0000000008001cac                HAL_ADC_ConfigChannel
                0x0000000008001de4                HAL_ADC_AnalogWDGConfig
                0x0000000008001e42                HAL_ADC_GetState
                0x0000000008001e46                HAL_ADC_GetError
 .text          0x0000000008001e4c      0x6ac build/stm32f4_HAL/stm32f4xx_hal_adc_ex.o
                0x0000000008001ebc                HAL_ADCEx_InjectedStart
                0x0000000008001f70                HAL_ADCEx_InjectedStart_IT
                0x000000000800202c                HAL_ADCEx_InjectedStop
                0x0000000008002086                HAL_ADCEx_InjectedPollForConversion
                0x000000000800210e                HAL_ADCEx_InjectedStop_IT
                0x0000000008002170                HAL_ADCEx_InjectedGetValue
                0x00000000080021a2                HAL_ADCEx_MultiModeStart_DMA
                0x000000000800229c                HAL_ADCEx_MultiModeStop_DMA
                0x00000000080022fc                HAL_ADCEx_MultiModeGetValue
                0x0000000008002308                HAL_ADCEx_InjectedConvCpltCallback
                0x000000000800230a                HAL_ADCEx_InjectedConfigChannel
                0x00000000080024a8                HAL_ADCEx_MultiModeConfigChannel
 .text          0x00000000080024f8      0x334 build/stm32f4_HAL/stm32f4xx_hal_gpio.o
                0x00000000080024f8                HAL_GPIO_Init
                0x00000000080026a8                HAL_GPIO_DeInit
                0x00000000080027c4                HAL_GPIO_ReadPin
                0x00000000080027d0                HAL_GPIO_WritePin
                0x00000000080027da                HAL_GPIO_TogglePin
                0x00000000080027e8                HAL_GPIO_LockPin
                0x0000000008002812                HAL_GPIO_EXTI_Callback
                0x0000000008002814                HAL_GPIO_EXTI_IRQHandler
 .text          0x000000000800282c      0x220 build/stm32f4_HAL/stm32f4xx_ll_gpio.o
                0x000000000800284c                LL_GPIO_DeInit
                0x00000000080028f8                LL_GPIO_Init
                0x0000000008002a34                LL_GPIO_StructInit
 .text          0x0000000008002a4c      0x21c build/stm32f4_HAL/stm32f4xx_ll_usart.o
                0x0000000008002a4c                LL_USART_DeInit
                0x0000000008002b0c                LL_USART_Init
                0x0000000008002c08                LL_USART_StructInit
                0x0000000008002c20                LL_USART_ClockInit
                0x0000000008002c5a                LL_USART_ClockStructInit
 .text          0x0000000008002c68      0x238 build/stm32f4_HAL/stm32f4xx_ll_dma.o
                0x0000000008002c68                LL_DMA_DeInit
                0x0000000008002df8                LL_DMA_Init
                0x0000000008002e7c                LL_DMA_StructInit
 .text          0x0000000008002ea0      0x604 build/stm32f4_HAL/stm32f4xx_ll_rcc.o
                0x0000000008002eb0                LL_RCC_DeInit
                0x0000000008002f60                LL_RCC_GetCECClockFreq
                0x0000000008002f90                RCC_GetHCLKClockFreq
                0x0000000008002fa8                RCC_GetPCLK1ClockFreq
                0x0000000008002fc0                RCC_GetPCLK2ClockFreq
                0x0000000008002fd8                RCC_PLL_GetFreqDomain_SYS
                0x0000000008003020                RCC_GetSystemClockFreq
                0x0000000008003050                LL_RCC_GetSystemClocksFreq
                0x0000000008003070                LL_RCC_GetFMPI2CClockFreq
                0x00000000080030c0                RCC_PLL_GetFreqDomain_48M
                0x00000000080030fc                RCC_PLL_GetFreqDomain_I2S
                0x0000000008003138                RCC_PLL_GetFreqDomain_SPDIFRX
                0x000000000800313c                RCC_PLL_GetFreqDomain_SAI
                0x0000000008003140                RCC_PLLSAI_GetFreqDomain_SAI
                0x0000000008003190                RCC_PLLSAI_GetFreqDomain_48M
                0x00000000080031d4                LL_RCC_GetSDIOClockFreq
                0x000000000800321c                LL_RCC_GetUSBClockFreq
                0x0000000008003250                RCC_PLLI2S_GetFreqDomain_SAI
                0x00000000080032a0                LL_RCC_GetSAIClockFreq
                0x0000000008003354                RCC_PLLI2S_GetFreqDomain_SPDIFRX
                0x0000000008003398                LL_RCC_GetSPDIFRXClockFreq
                0x00000000080033cc                RCC_PLLI2S_GetFreqDomain_I2S
                0x000000000800340c                LL_RCC_GetI2SClockFreq
 .text          0x00000000080034a4     0x31e0 build/stm32f4_HAL/stm32f4xx_hal_i2c.o
                0x00000000080038c8                HAL_I2C_MspInit
                0x00000000080038ca                HAL_I2C_Init
                0x0000000008003a18                HAL_I2C_MspDeInit
                0x0000000008003a1a                HAL_I2C_DeInit
                0x0000000008003a4c                HAL_I2C_Master_Transmit
                0x0000000008003bfc                HAL_I2C_Master_Receive
                0x0000000008003edc                HAL_I2C_Slave_Transmit
                0x000000000800403c                HAL_I2C_Slave_Receive
                0x00000000080041b8                HAL_I2C_Master_Transmit_IT
                0x0000000008004268                HAL_I2C_Master_Receive_IT
                0x0000000008004320                HAL_I2C_Slave_Transmit_IT
                0x0000000008004390                HAL_I2C_Slave_Receive_IT
                0x0000000008004400                HAL_I2C_Master_Transmit_DMA
                0x000000000800452c                HAL_I2C_Master_Receive_DMA
                0x0000000008004654                HAL_I2C_Slave_Transmit_DMA
                0x0000000008004714                HAL_I2C_Slave_Receive_DMA
                0x00000000080047d4                HAL_I2C_Mem_Write
                0x00000000080048f4                HAL_I2C_Mem_Read
                0x0000000008004b04                HAL_I2C_Mem_Write_IT
                0x0000000008004bc0                HAL_I2C_Mem_Read_IT
                0x0000000008004c8c                HAL_I2C_Mem_Write_DMA
                0x0000000008004dd4                HAL_I2C_Mem_Read_DMA
                0x0000000008004f60                HAL_I2C_IsDeviceReady
                0x00000000080050c0                HAL_I2C_Master_Seq_Transmit_IT
                0x0000000008005190                HAL_I2C_Master_Seq_Transmit_DMA
                0x0000000008005304                HAL_I2C_Master_Seq_Receive_IT
                0x0000000008005410                HAL_I2C_Master_Seq_Receive_DMA
                0x00000000080055dc                HAL_I2C_Slave_Seq_Transmit_IT
                0x0000000008005652                HAL_I2C_Slave_Seq_Transmit_DMA
                0x0000000008005790                HAL_I2C_Slave_Seq_Receive_IT
                0x0000000008005806                HAL_I2C_Slave_Seq_Receive_DMA
                0x0000000008005944                HAL_I2C_EnableListen_IT
                0x000000000800597a                HAL_I2C_DisableListen_IT
                0x00000000080059b8                HAL_I2C_MasterTxCpltCallback
                0x00000000080059ba                HAL_I2C_MasterRxCpltCallback
                0x00000000080059bc                HAL_I2C_SlaveTxCpltCallback
                0x00000000080059be                HAL_I2C_SlaveRxCpltCallback
                0x00000000080059c0                HAL_I2C_AddrCallback
                0x00000000080059c2                HAL_I2C_ListenCpltCallback
                0x00000000080059c4                HAL_I2C_MemTxCpltCallback
                0x00000000080059c6                HAL_I2C_MemRxCpltCallback
                0x00000000080059c8                HAL_I2C_ErrorCallback
                0x0000000008005b16                HAL_I2C_AbortCpltCallback
                0x0000000008005ce8                HAL_I2C_Master_Abort_IT
                0x0000000008005d34                HAL_I2C_EV_IRQHandler
                0x0000000008006540                HAL_I2C_ER_IRQHandler
                0x0000000008006674                HAL_I2C_GetState
                0x000000000800667a                HAL_I2C_GetMode
                0x0000000008006680                HAL_I2C_GetError
 .text          0x0000000008006684       0x7c build/stm32f4_HAL/stm32f4xx_hal_i2c_ex.o
                0x0000000008006684                HAL_I2CEx_ConfigAnalogFilter
                0x00000000080066c2                HAL_I2CEx_ConfigDigitalFilter
 .text          0x0000000008006700     0x1dec build/stm32f4_HAL/stm32f4xx_hal_tim.o
                0x000000000800681c                HAL_TIM_Base_MspInit
                0x000000000800681e                HAL_TIM_Base_MspDeInit
                0x0000000008006820                HAL_TIM_Base_DeInit
                0x000000000800685a                HAL_TIM_Base_Start
                0x000000000800687e                HAL_TIM_Base_Stop
                0x00000000080068ac                HAL_TIM_Base_Start_IT
                0x00000000080068cc                HAL_TIM_Base_Stop_IT
                0x00000000080068f6                HAL_TIM_Base_Start_DMA
                0x0000000008006960                HAL_TIM_Base_Stop_DMA
                0x000000000800699c                HAL_TIM_OC_MspInit
                0x000000000800699e                HAL_TIM_OC_MspDeInit
                0x00000000080069a0                HAL_TIM_OC_DeInit
                0x00000000080069da                HAL_TIM_PWM_MspInit
                0x00000000080069dc                HAL_TIM_PWM_MspDeInit
                0x00000000080069de                HAL_TIM_PWM_DeInit
                0x0000000008006a18                HAL_TIM_IC_MspInit
                0x0000000008006a1a                HAL_TIM_IC_MspDeInit
                0x0000000008006a1c                HAL_TIM_IC_DeInit
                0x0000000008006a56                HAL_TIM_OnePulse_MspInit
                0x0000000008006a58                HAL_TIM_OnePulse_MspDeInit
                0x0000000008006a5a                HAL_TIM_OnePulse_DeInit
                0x0000000008006a94                HAL_TIM_OnePulse_Start
                0x0000000008006ad4                HAL_TIM_OnePulse_Stop
                0x0000000008006b3c                HAL_TIM_OnePulse_Start_IT
                0x0000000008006b8c                HAL_TIM_OnePulse_Stop_IT
                0x0000000008006c04                HAL_TIM_Encoder_MspInit
                0x0000000008006c06                HAL_TIM_Encoder_MspDeInit
                0x0000000008006c08                HAL_TIM_Encoder_DeInit
                0x0000000008006c42                HAL_TIM_Encoder_Start
                0x0000000008006c86                HAL_TIM_Encoder_Stop
                0x0000000008006cce                HAL_TIM_Encoder_Start_IT
                0x0000000008006d3c                HAL_TIM_Encoder_Stop_IT
                0x0000000008006db0                HAL_TIM_Encoder_Start_DMA
                0x0000000008006ef0                HAL_TIM_Encoder_Stop_DMA
                0x0000000008006f82                HAL_TIM_DMABurst_WriteStart
                0x0000000008007060                HAL_TIM_DMABurst_WriteStop
                0x00000000080070c4                HAL_TIM_DMABurst_ReadStart
                0x00000000080071a8                HAL_TIM_DMABurst_ReadStop
                0x00000000080071ac                HAL_TIM_GenerateEvent
                0x00000000080071d0                HAL_TIM_ConfigTI1Input
                0x00000000080071e0                HAL_TIM_ReadCapturedValue
                0x000000000800720c                HAL_TIM_PeriodElapsedCallback
                0x000000000800721e                HAL_TIM_PeriodElapsedHalfCpltCallback
                0x0000000008007230                HAL_TIM_OC_DelayElapsedCallback
                0x0000000008007232                HAL_TIM_IC_CaptureCallback
                0x0000000008007234                TIM_DMACaptureCplt
                0x0000000008007270                HAL_TIM_IC_CaptureHalfCpltCallback
                0x0000000008007272                TIM_DMACaptureHalfCplt
                0x00000000080072ae                HAL_TIM_PWM_PulseFinishedCallback
                0x00000000080072b0                TIM_DMADelayPulseCplt
                0x00000000080072ec                HAL_TIM_PWM_PulseFinishedHalfCpltCallback
                0x00000000080072ee                TIM_DMADelayPulseHalfCplt
                0x000000000800732a                HAL_TIM_TriggerCallback
                0x000000000800732c                HAL_TIM_IRQHandler
                0x0000000008007480                HAL_TIM_TriggerHalfCpltCallback
                0x0000000008007492                HAL_TIM_ErrorCallback
                0x0000000008007494                TIM_DMAError
                0x00000000080074a4                HAL_TIM_Base_GetState
                0x00000000080074aa                HAL_TIM_OC_GetState
                0x00000000080074b0                HAL_TIM_PWM_GetState
                0x00000000080074b6                HAL_TIM_IC_GetState
                0x00000000080074bc                HAL_TIM_OnePulse_GetState
                0x00000000080074c2                HAL_TIM_Encoder_GetState
                0x00000000080074c8                TIM_Base_SetConfig
                0x0000000008007594                HAL_TIM_Base_Init
                0x00000000080075c8                HAL_TIM_OC_Init
                0x00000000080075fc                HAL_TIM_PWM_Init
                0x0000000008007630                HAL_TIM_IC_Init
                0x0000000008007664                HAL_TIM_OnePulse_Init
                0x00000000080076aa                HAL_TIM_Encoder_Init
                0x0000000008007740                TIM_OC2_SetConfig
                0x00000000080077ac                HAL_TIM_OC_ConfigChannel
                0x0000000008007804                HAL_TIM_PWM_ConfigChannel
                0x00000000080078c4                TIM_TI1_SetConfig
                0x0000000008007938                HAL_TIM_IC_ConfigChannel
                0x0000000008007a4c                HAL_TIM_OnePulse_ConfigChannel
                0x0000000008007b42                TIM_ETR_SetConfig
                0x0000000008007b56                HAL_TIM_ConfigOCrefClear
                0x0000000008007c1e                HAL_TIM_ConfigClockSource
                0x0000000008007dea                HAL_TIM_SlaveConfigSynchro
                0x0000000008007e38                HAL_TIM_SlaveConfigSynchro_IT
                0x0000000008007e86                TIM_CCxChannelCmd
                0x0000000008007ea2                HAL_TIM_OC_Start
                0x0000000008007ee0                HAL_TIM_PWM_Start
                0x0000000008007ee4                HAL_TIM_OC_Stop
                0x0000000008007f40                HAL_TIM_OC_Start_IT
                0x0000000008007fb0                HAL_TIM_PWM_Start_IT
                0x0000000008007fb4                HAL_TIM_OC_Stop_IT
                0x0000000008008044                HAL_TIM_PWM_Stop_IT
                0x0000000008008048                HAL_TIM_OC_Start_DMA
                0x0000000008008158                HAL_TIM_PWM_Start_DMA
                0x000000000800815c                HAL_TIM_OC_Stop_DMA
                0x000000000800820c                HAL_TIM_PWM_Stop_DMA
                0x0000000008008210                HAL_TIM_PWM_Stop
                0x0000000008008274                HAL_TIM_IC_Start
                0x0000000008008298                HAL_TIM_IC_Stop
                0x00000000080082c6                HAL_TIM_IC_Start_IT
                0x000000000800831c                HAL_TIM_IC_Stop_IT
                0x000000000800837c                HAL_TIM_IC_Start_DMA
                0x000000000800846c                HAL_TIM_IC_Stop_DMA
 .text          0x00000000080084ec      0x814 build/stm32f4_HAL/stm32f4xx_hal_tim_ex.o
                0x0000000008008508                HAL_TIMEx_HallSensor_MspInit
                0x000000000800850a                HAL_TIMEx_HallSensor_Init
                0x00000000080085b8                HAL_TIMEx_HallSensor_MspDeInit
                0x00000000080085ba                HAL_TIMEx_HallSensor_DeInit
                0x00000000080085f4                HAL_TIMEx_HallSensor_Start
                0x000000000800861a                HAL_TIMEx_HallSensor_Stop
                0x000000000800864a                HAL_TIMEx_HallSensor_Start_IT
                0x0000000008008678                HAL_TIMEx_HallSensor_Stop_IT
                0x00000000080086b0                HAL_TIMEx_HallSensor_Start_DMA
                0x000000000800872c                HAL_TIMEx_HallSensor_Stop_DMA
                0x000000000800876c                HAL_TIMEx_OCN_Start
                0x0000000008008798                HAL_TIMEx_OCN_Stop
                0x00000000080087e2                HAL_TIMEx_OCN_Start_IT
                0x0000000008008838                HAL_TIMEx_OCN_Stop_IT
                0x00000000080088b6                HAL_TIMEx_OCN_Start_DMA
                0x0000000008008988                HAL_TIMEx_OCN_Stop_DMA
                0x0000000008008a0e                HAL_TIMEx_PWMN_Start
                0x0000000008008a12                HAL_TIMEx_PWMN_Stop
                0x0000000008008a16                HAL_TIMEx_PWMN_Start_IT
                0x0000000008008a1a                HAL_TIMEx_PWMN_Stop_IT
                0x0000000008008a1e                HAL_TIMEx_PWMN_Start_DMA
                0x0000000008008a22                HAL_TIMEx_PWMN_Stop_DMA
                0x0000000008008a26                HAL_TIMEx_OnePulseN_Start
                0x0000000008008a40                HAL_TIMEx_OnePulseN_Stop
                0x0000000008008a44                HAL_TIMEx_OnePulseN_Start_IT
                0x0000000008008a6e                HAL_TIMEx_OnePulseN_Stop_IT
                0x0000000008008ac8                HAL_TIMEx_ConfigCommutEvent
                0x0000000008008b22                HAL_TIMEx_ConfigCommutEvent_IT
                0x0000000008008b7c                HAL_TIMEx_ConfigCommutEvent_DMA
                0x0000000008008bf0                HAL_TIMEx_MasterConfigSynchronization
                0x0000000008008c6c                HAL_TIMEx_ConfigBreakDeadTime
                0x0000000008008cb8                HAL_TIMEx_RemapConfig
                0x0000000008008cd2                HAL_TIMEx_CommutCallback
                0x0000000008008cd4                TIMEx_DMACommutationCplt
                0x0000000008008ce4                HAL_TIMEx_CommutHalfCpltCallback
                0x0000000008008ce6                TIMEx_DMACommutationHalfCplt
                0x0000000008008cf6                HAL_TIMEx_BreakCallback
                0x0000000008008cf8                HAL_TIMEx_HallSensor_GetState
 .text          0x0000000008008d00        0x0 build/stm32f4_HAL/stm32f4xx_hal_rtc.o
 .text          0x0000000008008d00      0x6d4 build/stm32f4_HAL/stm32f4xx_hal_rcc.o
                0x0000000008009052                HAL_RCC_MCOConfig
                0x00000000080090ec                HAL_RCC_EnableCSS
                0x00000000080090f8                HAL_RCC_DisableCSS
                0x0000000008009160                HAL_RCC_ClockConfig
                0x0000000008009298                HAL_RCC_GetHCLKFreq
                0x00000000080092a4                HAL_RCC_GetPCLK1Freq
                0x00000000080092c4                HAL_RCC_GetPCLK2Freq
                0x0000000008009378                HAL_RCC_GetClockConfig
                0x00000000080093b4                HAL_RCC_CSSCallback
                0x00000000080093b6                HAL_RCC_NMI_IRQHandler
 .text          0x00000000080093d4      0xdc8 build/stm32f4_HAL/stm32f4xx_hal_rcc_ex.o
                0x00000000080093d4                HAL_RCCEx_PeriphCLKConfig
                0x00000000080097ec                HAL_RCCEx_GetPeriphCLKConfig
                0x00000000080098e8                HAL_RCCEx_GetPeriphCLKFreq
                0x0000000008009a90                HAL_RCCEx_SelectLSEMode
                0x0000000008009aa8                HAL_RCCEx_EnablePLLI2S
                0x0000000008009b1c                HAL_RCCEx_DisablePLLI2S
                0x0000000008009b50                HAL_RCCEx_EnablePLLSAI
                0x0000000008009bbc                HAL_RCCEx_DisablePLLSAI
                0x0000000008009bf0                HAL_RCC_GetSysClockFreq
                0x0000000008009c80                HAL_RCC_DeInit
                0x0000000008009dd4                HAL_RCC_OscConfig
                0x000000000800a100                HAL_RCC_GetOscConfig
 .text          0x000000000800a19c      0x1ac build/stm32f4_HAL/stm32f4xx_hal_pwr.o
                0x000000000800a19c                HAL_PWR_DeInit
                0x000000000800a1b4                HAL_PWR_EnableBkUpAccess
                0x000000000800a1c0                HAL_PWR_DisableBkUpAccess
                0x000000000800a1cc                HAL_PWR_ConfigPVD
                0x000000000800a23c                HAL_PWR_EnablePVD
                0x000000000800a248                HAL_PWR_DisablePVD
                0x000000000800a254                HAL_PWR_EnableWakeUpPin
                0x000000000800a264                HAL_PWR_DisableWakeUpPin
                0x000000000800a274                HAL_PWR_EnterSLEEPMode
                0x000000000800a294                HAL_PWR_EnterSTOPMode
                0x000000000800a2cc                HAL_PWR_EnterSTANDBYMode
                0x000000000800a2ec                HAL_PWR_PVDCallback
                0x000000000800a2ee                HAL_PWR_PVD_IRQHandler
                0x000000000800a308                HAL_PWR_EnableSleepOnExit
                0x000000000800a318                HAL_PWR_DisableSleepOnExit
                0x000000000800a328                HAL_PWR_EnableSEVOnPend
                0x000000000800a338                HAL_PWR_DisableSEVOnPend
 .text          0x000000000800a348      0x298 build/stm32f4_HAL/stm32f4xx_hal_pwr_ex.o
                0x000000000800a348                HAL_PWREx_EnableBkUpReg
                0x000000000800a37c                HAL_PWREx_DisableBkUpReg
                0x000000000800a3b0                HAL_PWREx_EnableFlashPowerDown
                0x000000000800a3bc                HAL_PWREx_DisableFlashPowerDown
                0x000000000800a3c8                HAL_PWREx_GetVoltageRange
                0x000000000800a3d8                HAL_PWREx_ControlVoltageScaling
                0x000000000800a488                HAL_PWREx_EnableOverDrive
                0x000000000800a500                HAL_PWREx_DisableOverDrive
                0x000000000800a578                HAL_PWREx_EnterUnderDriveSTOPMode
 .text          0x000000000800a5e0      0x2c8 build/stm32f4_HAL/stm32f4xx_hal_cortex.o
                0x000000000800a5e0                HAL_NVIC_SetPriorityGrouping
                0x000000000800a604                HAL_NVIC_SetPriority
                0x000000000800a668                HAL_NVIC_EnableIRQ
                0x000000000800a684                HAL_NVIC_DisableIRQ
                0x000000000800a6ac                HAL_NVIC_SystemReset
                0x000000000800a6d0                HAL_SYSTICK_Config
                0x000000000800a6fc                HAL_MPU_Disable
                0x000000000800a71c                HAL_MPU_Enable
                0x000000000800a740                HAL_MPU_ConfigRegion
                0x000000000800a790                HAL_NVIC_GetPriorityGrouping
                0x000000000800a7a0                HAL_NVIC_GetPriority
                0x000000000800a7fc                HAL_NVIC_SetPendingIRQ
                0x000000000800a81c                HAL_NVIC_GetPendingIRQ
                0x000000000800a840                HAL_NVIC_ClearPendingIRQ
                0x000000000800a860                HAL_NVIC_GetActive
                0x000000000800a884                HAL_SYSTICK_CLKSourceConfig
                0x000000000800a89c                HAL_SYSTICK_Callback
                0x000000000800a89e                HAL_SYSTICK_IRQHandler
 .text          0x000000000800a8a8     0x1820 build/stm32f4_HAL/stm32f4xx_hal_spi.o
                0x000000000800aa4c                HAL_SPI_MspInit
                0x000000000800aa4e                HAL_SPI_Init
                0x000000000800aad2                HAL_SPI_MspDeInit
                0x000000000800aad4                HAL_SPI_DeInit
                0x000000000800ab00                HAL_SPI_Transmit
                0x000000000800ac7a                HAL_SPI_TransmitReceive
                0x000000000800aefa                HAL_SPI_Receive
                0x000000000800b0ba                HAL_SPI_Transmit_IT
                0x000000000800b160                HAL_SPI_TransmitReceive_IT
                0x000000000800b228                HAL_SPI_Receive_IT
                0x000000000800b2f0                HAL_SPI_Transmit_DMA
                0x000000000800b3c8                HAL_SPI_TransmitReceive_DMA
                0x000000000800b4ec                HAL_SPI_Receive_DMA
                0x000000000800b5e8                HAL_SPI_Abort
                0x000000000800b710                HAL_SPI_DMAPause
                0x000000000800b730                HAL_SPI_DMAResume
                0x000000000800b750                HAL_SPI_DMAStop
                0x000000000800b796                HAL_SPI_TxCpltCallback
                0x000000000800b798                HAL_SPI_RxCpltCallback
                0x000000000800b79a                HAL_SPI_TxRxCpltCallback
                0x000000000800b79c                HAL_SPI_TxHalfCpltCallback
                0x000000000800b7a8                HAL_SPI_RxHalfCpltCallback
                0x000000000800b7b4                HAL_SPI_TxRxHalfCpltCallback
                0x000000000800b7c0                HAL_SPI_ErrorCallback
                0x000000000800bd82                HAL_SPI_IRQHandler
                0x000000000800be9c                HAL_SPI_AbortCpltCallback
                0x000000000800be9e                HAL_SPI_Abort_IT
                0x000000000800c0bc                HAL_SPI_GetState
                0x000000000800c0c2                HAL_SPI_GetError
 .text          0x000000000800c0c8        0x0 build/stm32f4_HAL/stm32f4xx_hal_dac.o
 .text          0x000000000800c0c8        0x0 build/stm32f4_HAL/stm32f4xx_hal_dac_ex.o
 .text          0x000000000800c0c8        0x0 build/stm32f4_HAL/stm32f4xx_hal_can.o
 .text          0x000000000800c0c8        0x0 build/FreeRTOS/croutine.o
 .text          0x000000000800c0c8      0x274 build/FreeRTOS/event_groups.o
                0x000000000800c0c8                xEventGroupCreateStatic
                0x000000000800c0e0                xEventGroupCreate
                0x000000000800c0fc                xEventGroupWaitBits
                0x000000000800c1b4                xEventGroupClearBits
                0x000000000800c1ce                vEventGroupClearBitsCallback
                0x000000000800c1d2                xEventGroupClearBitsFromISR
                0x000000000800c1e4                xEventGroupGetBitsFromISR
                0x000000000800c200                xEventGroupSetBits
                0x000000000800c25c                xEventGroupSync
                0x000000000800c2f0                vEventGroupSetBitsCallback
                0x000000000800c2f4                vEventGroupDelete
                0x000000000800c31e                xEventGroupSetBitsFromISR
                0x000000000800c330                uxEventGroupGetNumber
                0x000000000800c336                vEventGroupSetNumber
 .text          0x000000000800c33c       0x82 build/FreeRTOS/list.o
                0x000000000800c33c                vListInitialise
                0x000000000800c352                vListInitialiseItem
                0x000000000800c358                vListInsertEnd
                0x000000000800c370                vListInsert
                0x000000000800c39e                uxListRemove
 *fill*         0x000000000800c3be        0x2 
 .text          0x000000000800c3c0      0x8fc build/FreeRTOS/queue.o
                0x000000000800c4dc                xQueueGenericReset
                0x000000000800c548                xQueueGenericCreateStatic
                0x000000000800c574                xQueueGenericCreate
                0x000000000800c5ae                xQueueGetMutexHolder
                0x000000000800c5c8                xQueueGetMutexHolderFromISR
                0x000000000800c5d4                xQueueCreateCountingSemaphoreStatic
                0x000000000800c5ee                xQueueCreateCountingSemaphore
                0x000000000800c600                xQueueGenericSend
                0x000000000800c704                xQueueCreateMutexStatic
                0x000000000800c72e                xQueueGiveMutexRecursive
                0x000000000800c756                xQueueCreateMutex
                0x000000000800c77a                xQueueGenericSendFromISR
                0x000000000800c7e4                xQueueGiveFromISR
                0x000000000800c840                xQueueReceive
                0x000000000800c930                xQueueSemaphoreTake
                0x000000000800ca58                xQueueTakeMutexRecursive
                0x000000000800ca88                xQueuePeek
                0x000000000800cb78                xQueueReceiveFromISR
                0x000000000800cbe0                xQueuePeekFromISR
                0x000000000800cc10                uxQueueMessagesWaiting
                0x000000000800cc26                uxQueueSpacesAvailable
                0x000000000800cc40                uxQueueMessagesWaitingFromISR
                0x000000000800cc44                vQueueDelete
                0x000000000800cc50                uxQueueGetQueueNumber
                0x000000000800cc54                vQueueSetQueueNumber
                0x000000000800cc58                ucQueueGetQueueType
                0x000000000800cc5e                xQueueIsQueueEmptyFromISR
                0x000000000800cc68                xQueueIsQueueFullFromISR
                0x000000000800cc74                vQueueWaitForMessageRestricted
 .text          0x000000000800ccbc     0x12d4 build/FreeRTOS/tasks.o
                0x000000000800cf8c                xTaskCreateStatic
                0x000000000800cfc0                xTaskCreate
                0x000000000800d01c                vTaskDelete
                0x000000000800d0a0                eTaskGetState
                0x000000000800d108                uxTaskPriorityGet
                0x000000000800d128                uxTaskPriorityGetFromISR
                0x000000000800d150                vTaskPrioritySet
                0x000000000800d200                vTaskResume
                0x000000000800d284                xTaskResumeFromISR
                0x000000000800d30c                vTaskStartScheduler
                0x000000000800d384                vTaskEndScheduler
                0x000000000800d3a4                vTaskSuspendAll
                0x000000000800d3b8                xTaskGetTickCount
                0x000000000800d3c4                xTaskGetTickCountFromISR
                0x000000000800d3d0                uxTaskGetNumberOfTasks
                0x000000000800d3dc                pcTaskGetName
                0x000000000800d3ec                xTaskIncrementTick
                0x000000000800d4d0                xTaskResumeAll
                0x000000000800d594                vTaskDelayUntil
                0x000000000800d5e4                vTaskDelay
                0x000000000800d614                xTaskCatchUpTicks
                0x000000000800d634                vTaskSwitchContext
                0x000000000800d698                vTaskSuspend
                0x000000000800d728                vTaskPlaceOnEventList
                0x000000000800d748                vTaskPlaceOnUnorderedEventList
                0x000000000800d770                vTaskPlaceOnEventListRestricted
                0x000000000800d798                xTaskRemoveFromEventList
                0x000000000800d800                vTaskRemoveFromUnorderedEventList
                0x000000000800d854                vTaskSetTimeOutState
                0x000000000800d878                vTaskInternalSetTimeOutState
                0x000000000800d88c                xTaskCheckForTimeOut
                0x000000000800d8dc                vTaskMissedYield
                0x000000000800d8ec                uxTaskGetTaskNumber
                0x000000000800d8f2                vTaskSetTaskNumber
                0x000000000800d8f8                vTaskGetInfo
                0x000000000800d9d2                uxTaskGetSystemState
                0x000000000800da68                uxTaskGetStackHighWaterMark
                0x000000000800da88                xTaskGetCurrentTaskHandle
                0x000000000800da94                xTaskGetSchedulerState
                0x000000000800dab4                xTaskPriorityInherit
                0x000000000800db34                xTaskPriorityDisinherit
                0x000000000800db90                vTaskPriorityDisinheritAfterTimeout
                0x000000000800dc00                uxTaskResetEventItemValue
                0x000000000800dc18                pvTaskIncrementMutexHeldCount
                0x000000000800dc30                ulTaskNotifyTake
                0x000000000800dc9c                xTaskNotifyWait
                0x000000000800dd30                xTaskGenericNotify
                0x000000000800dde0                xTaskGenericNotifyFromISR
                0x000000000800dea0                vTaskNotifyGiveFromISR
                0x000000000800df30                xTaskNotifyStateClear
                0x000000000800df5c                ulTaskNotifyValueClear
 .text          0x000000000800df90      0x49c build/FreeRTOS/timers.o
                0x000000000800e00c                xTimerCreateTimerTask
                0x000000000800e05c                xTimerCreate
                0x000000000800e0a2                xTimerCreateStatic
                0x000000000800e0e2                xTimerGenericCommand
                0x000000000800e334                xTimerGetTimerDaemonTaskHandle
                0x000000000800e340                xTimerGetPeriod
                0x000000000800e344                vTimerSetReloadMode
                0x000000000800e36a                uxTimerGetReloadMode
                0x000000000800e386                xTimerGetExpiryTime
                0x000000000800e38a                pcTimerGetName
                0x000000000800e38e                xTimerIsTimerActive
                0x000000000800e3aa                pvTimerGetTimerID
                0x000000000800e3c0                vTimerSetTimerID
                0x000000000800e3d4                xTimerPendFunctionCallFromISR
                0x000000000800e3fc                xTimerPendFunctionCall
                0x000000000800e424                uxTimerGetTimerNumber
                0x000000000800e428                vTimerSetTimerNumber
 .text          0x000000000800e42c      0x532 build/FreeRTOS/stream_buffer.o
                0x000000000800e4cc                xStreamBufferGenericCreate
                0x000000000800e508                xStreamBufferGenericCreateStatic
                0x000000000800e548                vStreamBufferDelete
                0x000000000800e55a                xStreamBufferReset
                0x000000000800e5a0                xStreamBufferSetTriggerLevel
                0x000000000800e5b4                xStreamBufferSpacesAvailable
                0x000000000800e5c8                xStreamBufferBytesAvailable
                0x000000000800e5ca                xStreamBufferSend
                0x000000000800e6a8                xStreamBufferSendFromISR
                0x000000000800e73c                xStreamBufferReceive
                0x000000000800e7f4                xStreamBufferNextMessageLengthBytes
                0x000000000800e822                xStreamBufferReceiveFromISR
                0x000000000800e8b6                xStreamBufferIsEmpty
                0x000000000800e8c2                xStreamBufferIsFull
                0x000000000800e8de                xStreamBufferSendCompletedFromISR
                0x000000000800e916                xStreamBufferReceiveCompletedFromISR
                0x000000000800e94e                uxStreamBufferGetStreamBufferNumber
                0x000000000800e952                vStreamBufferSetStreamBufferNumber
                0x000000000800e956                ucStreamBufferGetStreamBufferType
 *fill*         0x000000000800e95e        0x2 
 .text          0x000000000800e960     0x114c build/FreeRTOS/cmsis_os2.o
                0x000000000800e99e                SysTick_Handler
                0x000000000800e9bc                osKernelInitialize
                0x000000000800e9e8                osKernelGetInfo
                0x000000000800ea14                osKernelGetState
                0x000000000800ea34                osKernelStart
                0x000000000800ea74                osKernelLock
                0x000000000800eaa0                osKernelUnlock
                0x000000000800ead8                osKernelRestoreLock
                0x000000000800eb1c                osKernelGetTickCount
                0x000000000800eb34                osKernelGetTickFreq
                0x000000000800eb3a                osKernelGetSysTimerCount
                0x000000000800eb7a                osKernelGetSysTimerFreq
                0x000000000800eb84                osThreadNew
                0x000000000800ec1a                osThreadGetName
                0x000000000800ec34                osThreadGetId
                0x000000000800ec38                osThreadGetState
                0x000000000800ec60                osThreadGetStackSpace
                0x000000000800ec7a                osThreadSetPriority
                0x000000000800eca8                osThreadGetPriority
                0x000000000800ecc4                osThreadYield
                0x000000000800ece8                osThreadSuspend
                0x000000000800ed0c                osThreadResume
                0x000000000800ed30                osThreadExit
                0x000000000800ed3a                osThreadTerminate
                0x000000000800ed6e                osThreadGetCount
                0x000000000800ed82                osThreadEnumerate
                0x000000000800edec                osThreadFlagsSet
                0x000000000800ee6c                osThreadFlagsClear
                0x000000000800eebc                osThreadFlagsGet
                0x000000000800eeea                osThreadFlagsWait
                0x000000000800ef84                osDelay
                0x000000000800efa2                osDelayUntil
                0x000000000800efd2                osTimerNew
                0x000000000800f04c                osTimerGetName
                0x000000000800f066                osTimerStart
                0x000000000800f09c                osTimerStop
                0x000000000800f0de                osTimerIsRunning
                0x000000000800f0f8                osTimerDelete
                0x000000000800f13e                osEventFlagsNew
                0x000000000800f16a                osEventFlagsSet
                0x000000000800f1c4                osEventFlagsClear
                0x000000000800f20a                osEventFlagsGet
                0x000000000800f22c                osEventFlagsWait
                0x000000000800f290                osEventFlagsDelete
                0x000000000800f2b4                osMutexNew
                0x000000000800f30e                osMutexAcquire
                0x000000000800f354                osMutexRelease
                0x000000000800f394                osMutexGetOwner
                0x000000000800f3b0                osMutexDelete
                0x000000000800f3d6                osSemaphoreNew
                0x000000000800f464                osSemaphoreAcquire
                0x000000000800f4c8                osSemaphoreRelease
                0x000000000800f520                osSemaphoreGetCount
                0x000000000800f542                osSemaphoreDelete
                0x000000000800f566                osMessageQueueNew
                0x000000000800f5ca                osMessageQueuePut
                0x000000000800f638                osMessageQueueGet
                0x000000000800f6a4                osMessageQueueGetCapacity
                0x000000000800f6aa                osMessageQueueGetMsgSize
                0x000000000800f6b0                osMessageQueueGetCount
                0x000000000800f6b4                osMessageQueueGetSpace
                0x000000000800f6ea                osMessageQueueReset
                0x000000000800f710                osMessageQueueDelete
                0x000000000800f714                osMemoryPoolNew
                0x000000000800f800                osMemoryPoolGetName
                0x000000000800f816                osMemoryPoolAlloc
                0x000000000800f8cc                osMemoryPoolFree
                0x000000000800f988                osMemoryPoolGetCapacity
                0x000000000800f9a0                osMemoryPoolGetBlockSize
                0x000000000800f9b8                osMemoryPoolGetCount
                0x000000000800f9e8                osMemoryPoolGetSpace
                0x000000000800fa18                osMemoryPoolDelete
                0x000000000800fa74                vApplicationGetIdleTaskMemory
                0x000000000800fa90                vApplicationGetTimerTaskMemory
 .text          0x000000000800faac        0x2 build/FreeRTOS/clib_arm.o
                0x000000000800faac                software_init_hook
 *fill*         0x000000000800faae        0x2 
 .text          0x000000000800fab0       0xe0 build/FreeRTOS/os_systick.o
                0x000000000800fab0                OS_Tick_Setup
                0x000000000800faf0                OS_Tick_Enable
                0x000000000800fb1c                OS_Tick_Disable
                0x000000000800fb48                OS_Tick_AcknowledgeIRQ
                0x000000000800fb54                OS_Tick_GetIRQn
                0x000000000800fb5a                OS_Tick_GetClock
                0x000000000800fb64                OS_Tick_GetInterval
                0x000000000800fb70                OS_Tick_GetCount
                0x000000000800fb80                OS_Tick_GetOverflow
 .text          0x000000000800fb90       0x8c build/FreeRTOS/heap_useNewlib.o
                0x000000000800fb90                sbrk
                0x000000000800fbe0                _sbrk
                0x000000000800fbe4                __malloc_lock
                0x000000000800fbe8                __malloc_unlock
                0x000000000800fbec                __env_lock
                0x000000000800fbf0                __env_unlock
                0x000000000800fbf4                pvPortMalloc
                0x000000000800fbf8                vPortFree
                0x000000000800fbfc                xPortGetFreeHeapSize
                0x000000000800fc18                vPortInitialiseBlocks
 *fill*         0x000000000800fc1c        0x4 
 .text          0x000000000800fc20      0x1f8 build/FreeRTOS/port.o
                0x000000000800fc70                pxPortInitialiseStack
                0x000000000800fc9c                SVC_Handler
                0x000000000800fcc4                vPortEndScheduler
                0x000000000800fcc6                vPortEnterCritical
                0x000000000800fce4                vPortExitCritical
                0x000000000800fcf8                PendSV_Handler
                0x000000000800fd64                xPortSysTickHandler
                0x000000000800fd94                vPortSetupTimerInterrupt
                0x000000000800fdc8                xPortStartScheduler
 .text          0x000000000800fe18       0xa0 /opt/homebrew/Cellar/gcc-arm-none-eabi/20200630/bin/../lib/gcc/arm-none-eabi/9.3.1/thumb/v7e-m+fp/hard/libgcc.a(_aeabi_ldivmod.o)
                0x000000000800fe18                __aeabi_ldivmod
 .text          0x000000000800feb8       0x30 /opt/homebrew/Cellar/gcc-arm-none-eabi/20200630/bin/../lib/gcc/arm-none-eabi/9.3.1/thumb/v7e-m+fp/hard/libgcc.a(_aeabi_uldivmod.o)
                0x000000000800feb8                __aeabi_uldivmod
 .text          0x000000000800fee8      0x2c4 /opt/homebrew/Cellar/gcc-arm-none-eabi/20200630/bin/../lib/gcc/arm-none-eabi/9.3.1/thumb/v7e-m+fp/hard/libgcc.a(_udivmoddi4.o)
                0x000000000800fee8                __udivmoddi4
 .text          0x00000000080101ac        0x4 /opt/homebrew/Cellar/gcc-arm-none-eabi/20200630/bin/../lib/gcc/arm-none-eabi/9.3.1/thumb/v7e-m+fp/hard/libgcc.a(_dvmd_tls.o)
                0x00000000080101ac                __aeabi_ldiv0
                0x00000000080101ac                __aeabi_idiv0
 .text          0x00000000080101b0        0x0 /opt/homebrew/Cellar/gcc-arm-none-eabi/20200630/bin/../lib/gcc/arm-none-eabi/9.3.1/../../../../arm-none-eabi/lib/thumb/v7e-m+fp/hard/libc_nano.a(lib_a-ctype_.o)
 .text          0x00000000080101b0        0x0 /opt/homebrew/Cellar/gcc-arm-none-eabi/20200630/bin/../lib/gcc/arm-none-eabi/9.3.1/../../../../arm-none-eabi/lib/thumb/v7e-m+fp/hard/libc_nano.a(lib_a-exit.o)
 .text          0x00000000080101b0        0x0 /opt/homebrew/Cellar/gcc-arm-none-eabi/20200630/bin/../lib/gcc/arm-none-eabi/9.3.1/../../../../arm-none-eabi/lib/thumb/v7e-m+fp/hard/libc_nano.a(lib_a-getchar.o)
 .text          0x00000000080101b0        0x0 /opt/homebrew/Cellar/gcc-arm-none-eabi/20200630/bin/../lib/gcc/arm-none-eabi/9.3.1/../../../../arm-none-eabi/lib/thumb/v7e-m+fp/hard/libc_nano.a(lib_a-impure.o)
 .text          0x00000000080101b0        0x0 /opt/homebrew/Cellar/gcc-arm-none-eabi/20200630/bin/../lib/gcc/arm-none-eabi/9.3.1/../../../../arm-none-eabi/lib/thumb/v7e-m+fp/hard/libc_nano.a(lib_a-init.o)
 .text          0x00000000080101b0        0x0 /opt/homebrew/Cellar/gcc-arm-none-eabi/20200630/bin/../lib/gcc/arm-none-eabi/9.3.1/../../../../arm-none-eabi/lib/thumb/v7e-m+fp/hard/libc_nano.a(lib_a-malloc.o)
 .text          0x00000000080101b0        0x0 /opt/homebrew/Cellar/gcc-arm-none-eabi/20200630/bin/../lib/gcc/arm-none-eabi/9.3.1/../../../../arm-none-eabi/lib/thumb/v7e-m+fp/hard/libc_nano.a(lib_a-memcpy-stub.o)
 .text          0x00000000080101b0        0x0 /opt/homebrew/Cellar/gcc-arm-none-eabi/20200630/bin/../lib/gcc/arm-none-eabi/9.3.1/../../../../arm-none-eabi/lib/thumb/v7e-m+fp/hard/libc_nano.a(lib_a-memset.o)
 .text          0x00000000080101b0        0x0 /opt/homebrew/Cellar/gcc-arm-none-eabi/20200630/bin/../lib/gcc/arm-none-eabi/9.3.1/../../../../arm-none-eabi/lib/thumb/v7e-m+fp/hard/libc_nano.a(lib_a-mstats.o)
 .text          0x00000000080101b0        0x0 /opt/homebrew/Cellar/gcc-arm-none-eabi/20200630/bin/../lib/gcc/arm-none-eabi/9.3.1/../../../../arm-none-eabi/lib/thumb/v7e-m+fp/hard/libc_nano.a(lib_a-nano-freer.o)
 .text          0x00000000080101b0        0x0 /opt/homebrew/Cellar/gcc-arm-none-eabi/20200630/bin/../lib/gcc/arm-none-eabi/9.3.1/../../../../arm-none-eabi/lib/thumb/v7e-m+fp/hard/libc_nano.a(lib_a-nano-mallinfor.o)
 .text          0x00000000080101b0        0x0 /opt/homebrew/Cellar/gcc-arm-none-eabi/20200630/bin/../lib/gcc/arm-none-eabi/9.3.1/../../../../arm-none-eabi/lib/thumb/v7e-m+fp/hard/libc_nano.a(lib_a-nano-mallocr.o)
 .text          0x00000000080101b0        0x0 /opt/homebrew/Cellar/gcc-arm-none-eabi/20200630/bin/../lib/gcc/arm-none-eabi/9.3.1/../../../../arm-none-eabi/lib/thumb/v7e-m+fp/hard/libc_nano.a(lib_a-nano-malloptr.o)
 .text          0x00000000080101b0        0x0 /opt/homebrew/Cellar/gcc-arm-none-eabi/20200630/bin/../lib/gcc/arm-none-eabi/9.3.1/../../../../arm-none-eabi/lib/thumb/v7e-m+fp/hard/libc_nano.a(lib_a-nano-mallstatsr.o)
 .text          0x00000000080101b0        0x0 /opt/homebrew/Cellar/gcc-arm-none-eabi/20200630/bin/../lib/gcc/arm-none-eabi/9.3.1/../../../../arm-none-eabi/lib/thumb/v7e-m+fp/hard/libc_nano.a(lib_a-nano-vfprintf_float.o)
 .text          0x00000000080101b0        0x0 /opt/homebrew/Cellar/gcc-arm-none-eabi/20200630/bin/../lib/gcc/arm-none-eabi/9.3.1/../../../../arm-none-eabi/lib/thumb/v7e-m+fp/hard/libc_nano.a(lib_a-nano-vfprintf_i.o)
 .text          0x00000000080101b0        0x0 /opt/homebrew/Cellar/gcc-arm-none-eabi/20200630/bin/../lib/gcc/arm-none-eabi/9.3.1/../../../../arm-none-eabi/lib/thumb/v7e-m+fp/hard/libc_nano.a(lib_a-nano-vfscanf_float.o)
 .text          0x00000000080101b0        0x0 /opt/homebrew/Cellar/gcc-arm-none-eabi/20200630/bin/../lib/gcc/arm-none-eabi/9.3.1/../../../../arm-none-eabi/lib/thumb/v7e-m+fp/hard/libc_nano.a(lib_a-printf.o)
 .text          0x00000000080101b0        0x0 /opt/homebrew/Cellar/gcc-arm-none-eabi/20200630/bin/../lib/gcc/arm-none-eabi/9.3.1/../../../../arm-none-eabi/lib/thumb/v7e-m+fp/hard/libc_nano.a(lib_a-reent.o)
 .text          0x00000000080101b0        0x0 /opt/homebrew/Cellar/gcc-arm-none-eabi/20200630/bin/../lib/gcc/arm-none-eabi/9.3.1/../../../../arm-none-eabi/lib/thumb/v7e-m+fp/hard/libc_nano.a(lib_a-sbrkr.o)
 .text          0x00000000080101b0        0x0 /opt/homebrew/Cellar/gcc-arm-none-eabi/20200630/bin/../lib/gcc/arm-none-eabi/9.3.1/../../../../arm-none-eabi/lib/thumb/v7e-m+fp/hard/libc_nano.a(lib_a-setvbuf.o)
 .text          0x00000000080101b0        0x0 /opt/homebrew/Cellar/gcc-arm-none-eabi/20200630/bin/../lib/gcc/arm-none-eabi/9.3.1/../../../../arm-none-eabi/lib/thumb/v7e-m+fp/hard/libc_nano.a(lib_a-sf_nan.o)
 .text          0x00000000080101b0        0x0 /opt/homebrew/Cellar/gcc-arm-none-eabi/20200630/bin/../lib/gcc/arm-none-eabi/9.3.1/../../../../arm-none-eabi/lib/thumb/v7e-m+fp/hard/libc_nano.a(lib_a-sprintf.o)
 .text          0x00000000080101b0       0x14 /opt/homebrew/Cellar/gcc-arm-none-eabi/20200630/bin/../lib/gcc/arm-none-eabi/9.3.1/../../../../arm-none-eabi/lib/thumb/v7e-m+fp/hard/libc_nano.a(lib_a-strcmp.o)
                0x00000000080101b0                strcmp
 .text          0x00000000080101c4       0x10 /opt/homebrew/Cellar/gcc-arm-none-eabi/20200630/bin/../lib/gcc/arm-none-eabi/9.3.1/../../../../arm-none-eabi/lib/thumb/v7e-m+fp/hard/libc_nano.a(lib_a-strlen.o)
                0x00000000080101c4                strlen
 .text          0x00000000080101d4        0x0 /opt/homebrew/Cellar/gcc-arm-none-eabi/20200630/bin/../lib/gcc/arm-none-eabi/9.3.1/../../../../arm-none-eabi/lib/thumb/v7e-m+fp/hard/libc_nano.a(lib_a-strtod.o)
 .text          0x00000000080101d4        0x0 /opt/homebrew/Cellar/gcc-arm-none-eabi/20200630/bin/../lib/gcc/arm-none-eabi/9.3.1/../../../../arm-none-eabi/lib/thumb/v7e-m+fp/hard/libc_nano.a(lib_a-strtol.o)
 .text          0x00000000080101d4        0x0 /opt/homebrew/Cellar/gcc-arm-none-eabi/20200630/bin/../lib/gcc/arm-none-eabi/9.3.1/../../../../arm-none-eabi/lib/thumb/v7e-m+fp/hard/libc_nano.a(lib_a-vprintf.o)
 .text          0x00000000080101d4        0x0 /opt/homebrew/Cellar/gcc-arm-none-eabi/20200630/bin/../lib/gcc/arm-none-eabi/9.3.1/../../../../arm-none-eabi/lib/thumb/v7e-m+fp/hard/libc_nano.a(lib_a-dtoa.o)
 .text          0x00000000080101d4        0x0 /opt/homebrew/Cellar/gcc-arm-none-eabi/20200630/bin/../lib/gcc/arm-none-eabi/9.3.1/../../../../arm-none-eabi/lib/thumb/v7e-m+fp/hard/libc_nano.a(lib_a-errno.o)
 .text          0x00000000080101d4        0x0 /opt/homebrew/Cellar/gcc-arm-none-eabi/20200630/bin/../lib/gcc/arm-none-eabi/9.3.1/../../../../arm-none-eabi/lib/thumb/v7e-m+fp/hard/libc_nano.a(lib_a-fflush.o)
 .text          0x00000000080101d4        0x0 /opt/homebrew/Cellar/gcc-arm-none-eabi/20200630/bin/../lib/gcc/arm-none-eabi/9.3.1/../../../../arm-none-eabi/lib/thumb/v7e-m+fp/hard/libc_nano.a(lib_a-findfp.o)
 .text          0x00000000080101d4        0x0 /opt/homebrew/Cellar/gcc-arm-none-eabi/20200630/bin/../lib/gcc/arm-none-eabi/9.3.1/../../../../arm-none-eabi/lib/thumb/v7e-m+fp/hard/libc_nano.a(lib_a-fprintf.o)
 .text          0x00000000080101d4        0x0 /opt/homebrew/Cellar/gcc-arm-none-eabi/20200630/bin/../lib/gcc/arm-none-eabi/9.3.1/../../../../arm-none-eabi/lib/thumb/v7e-m+fp/hard/libc_nano.a(lib_a-fwalk.o)
 .text          0x00000000080101d4        0x0 /opt/homebrew/Cellar/gcc-arm-none-eabi/20200630/bin/../lib/gcc/arm-none-eabi/9.3.1/../../../../arm-none-eabi/lib/thumb/v7e-m+fp/hard/libc_nano.a(lib_a-gdtoa-gethex.o)
 .text          0x00000000080101d4        0x0 /opt/homebrew/Cellar/gcc-arm-none-eabi/20200630/bin/../lib/gcc/arm-none-eabi/9.3.1/../../../../arm-none-eabi/lib/thumb/v7e-m+fp/hard/libc_nano.a(lib_a-gdtoa-hexnan.o)
 .text          0x00000000080101d4        0x0 /opt/homebrew/Cellar/gcc-arm-none-eabi/20200630/bin/../lib/gcc/arm-none-eabi/9.3.1/../../../../arm-none-eabi/lib/thumb/v7e-m+fp/hard/libc_nano.a(lib_a-getc.o)
 .text          0x00000000080101d4        0x0 /opt/homebrew/Cellar/gcc-arm-none-eabi/20200630/bin/../lib/gcc/arm-none-eabi/9.3.1/../../../../arm-none-eabi/lib/thumb/v7e-m+fp/hard/libc_nano.a(lib_a-lnumeric.o)
 .text          0x00000000080101d4        0x0 /opt/homebrew/Cellar/gcc-arm-none-eabi/20200630/bin/../lib/gcc/arm-none-eabi/9.3.1/../../../../arm-none-eabi/lib/thumb/v7e-m+fp/hard/libc_nano.a(lib_a-locale.o)
 .text          0x00000000080101d4        0x0 /opt/homebrew/Cellar/gcc-arm-none-eabi/20200630/bin/../lib/gcc/arm-none-eabi/9.3.1/../../../../arm-none-eabi/lib/thumb/v7e-m+fp/hard/libc_nano.a(lib_a-localeconv.o)
 .text          0x00000000080101d4        0x0 /opt/homebrew/Cellar/gcc-arm-none-eabi/20200630/bin/../lib/gcc/arm-none-eabi/9.3.1/../../../../arm-none-eabi/lib/thumb/v7e-m+fp/hard/libc_nano.a(lib_a-lock.o)
 .text          0x00000000080101d4        0x0 /opt/homebrew/Cellar/gcc-arm-none-eabi/20200630/bin/../lib/gcc/arm-none-eabi/9.3.1/../../../../arm-none-eabi/lib/thumb/v7e-m+fp/hard/libc_nano.a(lib_a-makebuf.o)
 .text          0x00000000080101d4        0x0 /opt/homebrew/Cellar/gcc-arm-none-eabi/20200630/bin/../lib/gcc/arm-none-eabi/9.3.1/../../../../arm-none-eabi/lib/thumb/v7e-m+fp/hard/libc_nano.a(lib_a-mbtowc_r.o)
 *fill*         0x00000000080101d4        0xc 
 .text          0x00000000080101e0       0xa0 /opt/homebrew/Cellar/gcc-arm-none-eabi/20200630/bin/../lib/gcc/arm-none-eabi/9.3.1/../../../../arm-none-eabi/lib/thumb/v7e-m+fp/hard/libc_nano.a(lib_a-memchr.o)
                0x00000000080101e0                memchr
 .text          0x0000000008010280        0x0 /opt/homebrew/Cellar/gcc-arm-none-eabi/20200630/bin/../lib/gcc/arm-none-eabi/9.3.1/../../../../arm-none-eabi/lib/thumb/v7e-m+fp/hard/libc_nano.a(lib_a-mprec.o)
 .text          0x0000000008010280        0x0 /opt/homebrew/Cellar/gcc-arm-none-eabi/20200630/bin/../lib/gcc/arm-none-eabi/9.3.1/../../../../arm-none-eabi/lib/thumb/v7e-m+fp/hard/libc_nano.a(lib_a-nano-callocr.o)
 .text          0x0000000008010280        0x0 /opt/homebrew/Cellar/gcc-arm-none-eabi/20200630/bin/../lib/gcc/arm-none-eabi/9.3.1/../../../../arm-none-eabi/lib/thumb/v7e-m+fp/hard/libc_nano.a(lib_a-nano-svfprintf.o)
 .text          0x0000000008010280        0x0 /opt/homebrew/Cellar/gcc-arm-none-eabi/20200630/bin/../lib/gcc/arm-none-eabi/9.3.1/../../../../arm-none-eabi/lib/thumb/v7e-m+fp/hard/libc_nano.a(lib_a-nano-vfprintf.o)
 .text          0x0000000008010280        0x0 /opt/homebrew/Cellar/gcc-arm-none-eabi/20200630/bin/../lib/gcc/arm-none-eabi/9.3.1/../../../../arm-none-eabi/lib/thumb/v7e-m+fp/hard/libc_nano.a(lib_a-rget.o)
 .text          0x0000000008010280        0x0 /opt/homebrew/Cellar/gcc-arm-none-eabi/20200630/bin/../lib/gcc/arm-none-eabi/9.3.1/../../../../arm-none-eabi/lib/thumb/v7e-m+fp/hard/libc_nano.a(lib_a-s_nan.o)
 .text          0x0000000008010280        0x0 /opt/homebrew/Cellar/gcc-arm-none-eabi/20200630/bin/../lib/gcc/arm-none-eabi/9.3.1/../../../../arm-none-eabi/lib/thumb/v7e-m+fp/hard/libc_nano.a(lib_a-stdio.o)
 .text          0x0000000008010280        0x0 /opt/homebrew/Cellar/gcc-arm-none-eabi/20200630/bin/../lib/gcc/arm-none-eabi/9.3.1/../../../../arm-none-eabi/lib/thumb/v7e-m+fp/hard/libc_nano.a(lib_a-strncmp.o)
 .text          0x0000000008010280        0x0 /opt/homebrew/Cellar/gcc-arm-none-eabi/20200630/bin/../lib/gcc/arm-none-eabi/9.3.1/../../../../arm-none-eabi/lib/thumb/v7e-m+fp/hard/libc_nano.a(lib_a-wbuf.o)
 .text          0x0000000008010280        0x0 /opt/homebrew/Cellar/gcc-arm-none-eabi/20200630/bin/../lib/gcc/arm-none-eabi/9.3.1/../../../../arm-none-eabi/lib/thumb/v7e-m+fp/hard/libc_nano.a(lib_a-wctomb_r.o)
 .text          0x0000000008010280        0x0 /opt/homebrew/Cellar/gcc-arm-none-eabi/20200630/bin/../lib/gcc/arm-none-eabi/9.3.1/../../../../arm-none-eabi/lib/thumb/v7e-m+fp/hard/libc_nano.a(lib_a-writer.o)
 .text          0x0000000008010280        0x0 /opt/homebrew/Cellar/gcc-arm-none-eabi/20200630/bin/../lib/gcc/arm-none-eabi/9.3.1/../../../../arm-none-eabi/lib/thumb/v7e-m+fp/hard/libc_nano.a(lib_a-wsetup.o)
 .text          0x0000000008010280        0x0 /opt/homebrew/Cellar/gcc-arm-none-eabi/20200630/bin/../lib/gcc/arm-none-eabi/9.3.1/../../../../arm-none-eabi/lib/thumb/v7e-m+fp/hard/libc_nano.a(lib_a-assert.o)
 .text          0x0000000008010280        0x0 /opt/homebrew/Cellar/gcc-arm-none-eabi/20200630/bin/../lib/gcc/arm-none-eabi/9.3.1/../../../../arm-none-eabi/lib/thumb/v7e-m+fp/hard/libc_nano.a(lib_a-closer.o)
 .text          0x0000000008010280        0x0 /opt/homebrew/Cellar/gcc-arm-none-eabi/20200630/bin/../lib/gcc/arm-none-eabi/9.3.1/../../../../arm-none-eabi/lib/thumb/v7e-m+fp/hard/libc_nano.a(lib_a-fstatr.o)
 .text          0x0000000008010280        0x0 /opt/homebrew/Cellar/gcc-arm-none-eabi/20200630/bin/../lib/gcc/arm-none-eabi/9.3.1/../../../../arm-none-eabi/lib/thumb/v7e-m+fp/hard/libc_nano.a(lib_a-fvwrite.o)
 .text          0x0000000008010280        0x0 /opt/homebrew/Cellar/gcc-arm-none-eabi/20200630/bin/../lib/gcc/arm-none-eabi/9.3.1/../../../../arm-none-eabi/lib/thumb/v7e-m+fp/hard/libc_nano.a(lib_a-isattyr.o)
 .text          0x0000000008010280        0x0 /opt/homebrew/Cellar/gcc-arm-none-eabi/20200630/bin/../lib/gcc/arm-none-eabi/9.3.1/../../../../arm-none-eabi/lib/thumb/v7e-m+fp/hard/libc_nano.a(lib_a-lseekr.o)
 .text          0x0000000008010280        0x0 /opt/homebrew/Cellar/gcc-arm-none-eabi/20200630/bin/../lib/gcc/arm-none-eabi/9.3.1/../../../../arm-none-eabi/lib/thumb/v7e-m+fp/hard/libc_nano.a(lib_a-memmove.o)
 .text          0x0000000008010280        0x0 /opt/homebrew/Cellar/gcc-arm-none-eabi/20200630/bin/../lib/gcc/arm-none-eabi/9.3.1/../../../../arm-none-eabi/lib/thumb/v7e-m+fp/hard/libc_nano.a(lib_a-nano-reallocr.o)
 .text          0x0000000008010280        0x0 /opt/homebrew/Cellar/gcc-arm-none-eabi/20200630/bin/../lib/gcc/arm-none-eabi/9.3.1/../../../../arm-none-eabi/lib/thumb/v7e-m+fp/hard/libc_nano.a(lib_a-readr.o)
 .text          0x0000000008010280        0x0 /opt/homebrew/Cellar/gcc-arm-none-eabi/20200630/bin/../lib/gcc/arm-none-eabi/9.3.1/../../../../arm-none-eabi/lib/thumb/v7e-m+fp/hard/libc_nano.a(lib_a-refill.o)
 .text          0x0000000008010280        0x0 /opt/homebrew/Cellar/gcc-arm-none-eabi/20200630/bin/../lib/gcc/arm-none-eabi/9.3.1/../../../../arm-none-eabi/lib/thumb/v7e-m+fp/hard/libc_nano.a(lib_a-abort.o)
 .text          0x0000000008010280        0x0 /opt/homebrew/Cellar/gcc-arm-none-eabi/20200630/bin/../lib/gcc/arm-none-eabi/9.3.1/../../../../arm-none-eabi/lib/thumb/v7e-m+fp/hard/libc_nano.a(lib_a-nano-msizer.o)
 .text          0x0000000008010280        0x0 /opt/homebrew/Cellar/gcc-arm-none-eabi/20200630/bin/../lib/gcc/arm-none-eabi/9.3.1/../../../../arm-none-eabi/lib/thumb/v7e-m+fp/hard/libc_nano.a(lib_a-signal.o)
 .text          0x0000000008010280        0x0 /opt/homebrew/Cellar/gcc-arm-none-eabi/20200630/bin/../lib/gcc/arm-none-eabi/9.3.1/../../../../arm-none-eabi/lib/thumb/v7e-m+fp/hard/libc_nano.a(lib_a-signalr.o)
 .text          0x0000000008010280      0x254 /opt/homebrew/Cellar/gcc-arm-none-eabi/20200630/bin/../lib/gcc/arm-none-eabi/9.3.1/thumb/v7e-m+fp/hard/libgcc.a(_arm_muldf3.o)
 .text          0x00000000080104d4      0x378 /opt/homebrew/Cellar/gcc-arm-none-eabi/20200630/bin/../lib/gcc/arm-none-eabi/9.3.1/thumb/v7e-m+fp/hard/libgcc.a(_arm_addsubdf3.o)
                0x00000000080104d4                __aeabi_drsub
                0x00000000080104dc                __subdf3
                0x00000000080104dc                __aeabi_dsub
                0x00000000080104e0                __aeabi_dadd
                0x00000000080104e0                __adddf3
                0x0000000008010758                __aeabi_ui2d
                0x0000000008010758                __floatunsidf
                0x0000000008010778                __floatsidf
                0x0000000008010778                __aeabi_i2d
                0x000000000801079c                __extendsfdf2
                0x000000000801079c                __aeabi_f2d
                0x00000000080107e0                __aeabi_ul2d
                0x00000000080107e0                __floatundidf
                0x00000000080107f0                __aeabi_l2d
                0x00000000080107f0                __floatdidf
 .text          0x000000000801084c      0x424 /opt/homebrew/Cellar/gcc-arm-none-eabi/20200630/bin/../lib/gcc/arm-none-eabi/9.3.1/thumb/v7e-m+fp/hard/libgcc.a(_arm_muldivdf3.o)
                0x000000000801084c                __aeabi_dmul
                0x000000000801084c                __muldf3
                0x0000000008010aa0                __aeabi_ddiv
                0x0000000008010aa0                __divdf3
 .text          0x0000000008010c70      0x110 /opt/homebrew/Cellar/gcc-arm-none-eabi/20200630/bin/../lib/gcc/arm-none-eabi/9.3.1/thumb/v7e-m+fp/hard/libgcc.a(_arm_cmpdf2.o)
                0x0000000008010c70                __gedf2
                0x0000000008010c70                __gtdf2
                0x0000000008010c78                __ledf2
                0x0000000008010c78                __ltdf2
                0x0000000008010c80                __cmpdf2
                0x0000000008010c80                __eqdf2
                0x0000000008010c80                __nedf2
                0x0000000008010cfc                __aeabi_cdrcmple
                0x0000000008010d0c                __aeabi_cdcmple
                0x0000000008010d0c                __aeabi_cdcmpeq
                0x0000000008010d1c                __aeabi_dcmpeq
                0x0000000008010d30                __aeabi_dcmplt
                0x0000000008010d44                __aeabi_dcmple
                0x0000000008010d58                __aeabi_dcmpge
                0x0000000008010d6c                __aeabi_dcmpgt
 .text          0x0000000008010d80       0x2c /opt/homebrew/Cellar/gcc-arm-none-eabi/20200630/bin/../lib/gcc/arm-none-eabi/9.3.1/thumb/v7e-m+fp/hard/libgcc.a(_arm_unorddf2.o)
                0x0000000008010d80                __aeabi_dcmpun
                0x0000000008010d80                __unorddf2
 .text          0x0000000008010dac       0x50 /opt/homebrew/Cellar/gcc-arm-none-eabi/20200630/bin/../lib/gcc/arm-none-eabi/9.3.1/thumb/v7e-m+fp/hard/libgcc.a(_arm_fixdfsi.o)
                0x0000000008010dac                __fixdfsi
                0x0000000008010dac                __aeabi_d2iz
 .text          0x0000000008010dfc       0x40 /opt/homebrew/Cellar/gcc-arm-none-eabi/20200630/bin/../lib/gcc/arm-none-eabi/9.3.1/thumb/v7e-m+fp/hard/libgcc.a(_arm_fixunsdfsi.o)
                0x0000000008010dfc                __fixunsdfsi
                0x0000000008010dfc                __aeabi_d2uiz
 .text          0x0000000008010e3c       0xa0 /opt/homebrew/Cellar/gcc-arm-none-eabi/20200630/bin/../lib/gcc/arm-none-eabi/9.3.1/thumb/v7e-m+fp/hard/libgcc.a(_arm_truncdfsf2.o)
                0x0000000008010e3c                __aeabi_d2f
                0x0000000008010e3c                __truncdfsf2
 .text          0x0000000008010edc       0x30 /opt/homebrew/Cellar/gcc-arm-none-eabi/20200630/bin/../lib/gcc/arm-none-eabi/9.3.1/thumb/v7e-m+fp/hard/libgcc.a(_fixdfdi.o)
                0x0000000008010edc                __aeabi_d2lz
                0x0000000008010edc                __fixdfdi
 .text          0x0000000008010f0c       0x3c /opt/homebrew/Cellar/gcc-arm-none-eabi/20200630/bin/../lib/gcc/arm-none-eabi/9.3.1/thumb/v7e-m+fp/hard/libgcc.a(_fixunsdfdi.o)
                0x0000000008010f0c                __aeabi_d2ulz
                0x0000000008010f0c                __fixunsdfdi
 .text          0x0000000008010f48        0x0 /opt/homebrew/Cellar/gcc-arm-none-eabi/20200630/bin/../lib/gcc/arm-none-eabi/9.3.1/../../../../arm-none-eabi/lib/thumb/v7e-m+fp/hard/libnosys.a(close.o)
 .text          0x0000000008010f48        0x0 /opt/homebrew/Cellar/gcc-arm-none-eabi/20200630/bin/../lib/gcc/arm-none-eabi/9.3.1/../../../../arm-none-eabi/lib/thumb/v7e-m+fp/hard/libnosys.a(fstat.o)
 .text          0x0000000008010f48        0x0 /opt/homebrew/Cellar/gcc-arm-none-eabi/20200630/bin/../lib/gcc/arm-none-eabi/9.3.1/../../../../arm-none-eabi/lib/thumb/v7e-m+fp/hard/libnosys.a(getpid.o)
 .text          0x0000000008010f48        0x0 /opt/homebrew/Cellar/gcc-arm-none-eabi/20200630/bin/../lib/gcc/arm-none-eabi/9.3.1/../../../../arm-none-eabi/lib/thumb/v7e-m+fp/hard/libnosys.a(isatty.o)
 .text          0x0000000008010f48        0x0 /opt/homebrew/Cellar/gcc-arm-none-eabi/20200630/bin/../lib/gcc/arm-none-eabi/9.3.1/../../../../arm-none-eabi/lib/thumb/v7e-m+fp/hard/libnosys.a(kill.o)
 .text          0x0000000008010f48        0x0 /opt/homebrew/Cellar/gcc-arm-none-eabi/20200630/bin/../lib/gcc/arm-none-eabi/9.3.1/../../../../arm-none-eabi/lib/thumb/v7e-m+fp/hard/libnosys.a(lseek.o)
 .text          0x0000000008010f48        0x0 /opt/homebrew/Cellar/gcc-arm-none-eabi/20200630/bin/../lib/gcc/arm-none-eabi/9.3.1/../../../../arm-none-eabi/lib/thumb/v7e-m+fp/hard/libnosys.a(_exit.o)
 .text          0x0000000008010f48        0x0 /opt/homebrew/Cellar/gcc-arm-none-eabi/20200630/bin/../lib/gcc/arm-none-eabi/9.3.1/thumb/v7e-m+fp/hard/crtend.o
 .text          0x0000000008010f48        0x0 /opt/homebrew/Cellar/gcc-arm-none-eabi/20200630/bin/../lib/gcc/arm-none-eabi/9.3.1/thumb/v7e-m+fp/hard/crtn.o
 *(.text*)
 .text.startup  0x0000000008010f48       0xa4 build/main.o
                0x0000000008010f48                main
 .text.Reset_Handler
                0x0000000008010fec       0x50 build/startup_stm32f446xx.o
                0x0000000008010fec                Reset_Handler
 .text.Default_Handler
                0x000000000801103c        0x2 build/startup_stm32f446xx.o
                0x000000000801103c                FMPI2C1_Error_IRQHandler
                0x000000000801103c                EXTI2_IRQHandler
                0x000000000801103c                TIM8_CC_IRQHandler
                0x000000000801103c                SPI4_IRQHandler
                0x000000000801103c                TIM1_CC_IRQHandler
                0x000000000801103c                DMA2_Stream5_IRQHandler
                0x000000000801103c                DMA1_Stream5_IRQHandler
                0x000000000801103c                PVD_IRQHandler
                0x000000000801103c                SDIO_IRQHandler
                0x000000000801103c                TAMP_STAMP_IRQHandler
                0x000000000801103c                CAN2_RX1_IRQHandler
                0x000000000801103c                EXTI3_IRQHandler
                0x000000000801103c                TIM8_TRG_COM_TIM14_IRQHandler
                0x000000000801103c                TIM1_UP_TIM10_IRQHandler
                0x000000000801103c                TIM8_UP_TIM13_IRQHandler
                0x000000000801103c                I2C3_ER_IRQHandler
                0x000000000801103c                FMPI2C1_Event_IRQHandler
                0x000000000801103c                EXTI0_IRQHandler
                0x000000000801103c                I2C2_EV_IRQHandler
                0x000000000801103c                DMA1_Stream2_IRQHandler
                0x000000000801103c                CAN1_RX0_IRQHandler
                0x000000000801103c                FPU_IRQHandler
                0x000000000801103c                OTG_HS_WKUP_IRQHandler
                0x000000000801103c                CAN2_SCE_IRQHandler
                0x000000000801103c                DMA2_Stream2_IRQHandler
                0x000000000801103c                SPI1_IRQHandler
                0x000000000801103c                TIM6_DAC_IRQHandler
                0x000000000801103c                TIM1_BRK_TIM9_IRQHandler
                0x000000000801103c                DCMI_IRQHandler
                0x000000000801103c                CAN2_RX0_IRQHandler
                0x000000000801103c                DMA2_Stream3_IRQHandler
                0x000000000801103c                SAI2_IRQHandler
                0x000000000801103c                USART6_IRQHandler
                0x000000000801103c                USART3_IRQHandler
                0x000000000801103c                CAN1_RX1_IRQHandler
                0x000000000801103c                UART5_IRQHandler
                0x000000000801103c                DMA2_Stream0_IRQHandler
                0x000000000801103c                TIM4_IRQHandler
                0x000000000801103c                QUADSPI_IRQHandler
                0x000000000801103c                I2C1_EV_IRQHandler
                0x000000000801103c                DMA1_Stream6_IRQHandler
                0x000000000801103c                DMA1_Stream1_IRQHandler
                0x000000000801103c                UART4_IRQHandler
                0x000000000801103c                TIM3_IRQHandler
                0x000000000801103c                RCC_IRQHandler
                0x000000000801103c                TIM8_BRK_TIM12_IRQHandler
                0x000000000801103c                Default_Handler
                0x000000000801103c                CEC_IRQHandler
                0x000000000801103c                EXTI15_10_IRQHandler
                0x000000000801103c                ADC_IRQHandler
                0x000000000801103c                DMA1_Stream7_IRQHandler
                0x000000000801103c                TIM7_IRQHandler
                0x000000000801103c                CAN2_TX_IRQHandler
                0x000000000801103c                TIM5_IRQHandler
                0x000000000801103c                DMA2_Stream7_IRQHandler
                0x000000000801103c                I2C3_EV_IRQHandler
                0x000000000801103c                EXTI9_5_IRQHandler
                0x000000000801103c                RTC_WKUP_IRQHandler
                0x000000000801103c                SPDIF_RX_IRQHandler
                0x000000000801103c                SPI2_IRQHandler
                0x000000000801103c                OTG_HS_EP1_IN_IRQHandler
                0x000000000801103c                DMA1_Stream0_IRQHandler
                0x000000000801103c                CAN1_TX_IRQHandler
                0x000000000801103c                EXTI4_IRQHandler
                0x000000000801103c                OTG_HS_EP1_OUT_IRQHandler
                0x000000000801103c                WWDG_IRQHandler
                0x000000000801103c                TIM2_IRQHandler
                0x000000000801103c                OTG_FS_WKUP_IRQHandler
                0x000000000801103c                TIM1_TRG_COM_TIM11_IRQHandler
                0x000000000801103c                OTG_HS_IRQHandler
                0x000000000801103c                EXTI1_IRQHandler
                0x000000000801103c                I2C2_ER_IRQHandler
                0x000000000801103c                DMA2_Stream1_IRQHandler
                0x000000000801103c                CAN1_SCE_IRQHandler
                0x000000000801103c                FLASH_IRQHandler
                0x000000000801103c                DMA2_Stream4_IRQHandler
                0x000000000801103c                USART1_IRQHandler
                0x000000000801103c                OTG_FS_IRQHandler
                0x000000000801103c                SPI3_IRQHandler
                0x000000000801103c                DMA1_Stream4_IRQHandler
                0x000000000801103c                I2C1_ER_IRQHandler
                0x000000000801103c                FMC_IRQHandler
                0x000000000801103c                DMA2_Stream6_IRQHandler
                0x000000000801103c                SAI1_IRQHandler
                0x000000000801103c                DMA1_Stream3_IRQHandler
                0x000000000801103c                RTC_Alarm_IRQHandler
 *fill*         0x000000000801103e        0x2 
 .text.exit     0x0000000008011040       0x28 /opt/homebrew/Cellar/gcc-arm-none-eabi/20200630/bin/../lib/gcc/arm-none-eabi/9.3.1/../../../../arm-none-eabi/lib/thumb/v7e-m+fp/hard/libc_nano.a(lib_a-exit.o)
                0x0000000008011040                exit
 .text._getchar_r
                0x0000000008011068       0x1a /opt/homebrew/Cellar/gcc-arm-none-eabi/20200630/bin/../lib/gcc/arm-none-eabi/9.3.1/../../../../arm-none-eabi/lib/thumb/v7e-m+fp/hard/libc_nano.a(lib_a-getchar.o)
                0x0000000008011068                _getchar_r
 *fill*         0x0000000008011082        0x2 
 .text.getchar  0x0000000008011084       0x24 /opt/homebrew/Cellar/gcc-arm-none-eabi/20200630/bin/../lib/gcc/arm-none-eabi/9.3.1/../../../../arm-none-eabi/lib/thumb/v7e-m+fp/hard/libc_nano.a(lib_a-getchar.o)
                0x0000000008011084                getchar
 .text.__libc_init_array
                0x00000000080110a8       0x48 /opt/homebrew/Cellar/gcc-arm-none-eabi/20200630/bin/../lib/gcc/arm-none-eabi/9.3.1/../../../../arm-none-eabi/lib/thumb/v7e-m+fp/hard/libc_nano.a(lib_a-init.o)
                0x00000000080110a8                __libc_init_array
 .text.malloc   0x00000000080110f0       0x10 /opt/homebrew/Cellar/gcc-arm-none-eabi/20200630/bin/../lib/gcc/arm-none-eabi/9.3.1/../../../../arm-none-eabi/lib/thumb/v7e-m+fp/hard/libc_nano.a(lib_a-malloc.o)
                0x00000000080110f0                malloc
 .text.free     0x0000000008011100       0x10 /opt/homebrew/Cellar/gcc-arm-none-eabi/20200630/bin/../lib/gcc/arm-none-eabi/9.3.1/../../../../arm-none-eabi/lib/thumb/v7e-m+fp/hard/libc_nano.a(lib_a-malloc.o)
                0x0000000008011100                free
 .text.memcpy   0x0000000008011110       0x1c /opt/homebrew/Cellar/gcc-arm-none-eabi/20200630/bin/../lib/gcc/arm-none-eabi/9.3.1/../../../../arm-none-eabi/lib/thumb/v7e-m+fp/hard/libc_nano.a(lib_a-memcpy-stub.o)
                0x0000000008011110                memcpy
 .text.memset   0x000000000801112c       0x10 /opt/homebrew/Cellar/gcc-arm-none-eabi/20200630/bin/../lib/gcc/arm-none-eabi/9.3.1/../../../../arm-none-eabi/lib/thumb/v7e-m+fp/hard/libc_nano.a(lib_a-memset.o)
                0x000000000801112c                memset
 .text.mallinfo
                0x000000000801113c       0x14 /opt/homebrew/Cellar/gcc-arm-none-eabi/20200630/bin/../lib/gcc/arm-none-eabi/9.3.1/../../../../arm-none-eabi/lib/thumb/v7e-m+fp/hard/libc_nano.a(lib_a-mstats.o)
                0x000000000801113c                mallinfo
 .text.malloc_stats
                0x0000000008011150        0xc /opt/homebrew/Cellar/gcc-arm-none-eabi/20200630/bin/../lib/gcc/arm-none-eabi/9.3.1/../../../../arm-none-eabi/lib/thumb/v7e-m+fp/hard/libc_nano.a(lib_a-mstats.o)
                0x0000000008011150                malloc_stats
 .text.mallopt  0x000000000801115c       0x10 /opt/homebrew/Cellar/gcc-arm-none-eabi/20200630/bin/../lib/gcc/arm-none-eabi/9.3.1/../../../../arm-none-eabi/lib/thumb/v7e-m+fp/hard/libc_nano.a(lib_a-mstats.o)
                0x000000000801115c                mallopt
 .text._mstats_r
                0x000000000801116c       0x2c /opt/homebrew/Cellar/gcc-arm-none-eabi/20200630/bin/../lib/gcc/arm-none-eabi/9.3.1/../../../../arm-none-eabi/lib/thumb/v7e-m+fp/hard/libc_nano.a(lib_a-mstats.o)
                0x000000000801116c                _mstats_r
 .text.mstats   0x0000000008011198       0x10 /opt/homebrew/Cellar/gcc-arm-none-eabi/20200630/bin/../lib/gcc/arm-none-eabi/9.3.1/../../../../arm-none-eabi/lib/thumb/v7e-m+fp/hard/libc_nano.a(lib_a-mstats.o)
                0x0000000008011198                mstats
 .text._free_r  0x00000000080111a8       0xa0 /opt/homebrew/Cellar/gcc-arm-none-eabi/20200630/bin/../lib/gcc/arm-none-eabi/9.3.1/../../../../arm-none-eabi/lib/thumb/v7e-m+fp/hard/libc_nano.a(lib_a-nano-freer.o)
                0x00000000080111a8                _free_r
 .text._mallinfo_r
                0x0000000008011248       0x68 /opt/homebrew/Cellar/gcc-arm-none-eabi/20200630/bin/../lib/gcc/arm-none-eabi/9.3.1/../../../../arm-none-eabi/lib/thumb/v7e-m+fp/hard/libc_nano.a(lib_a-nano-mallinfor.o)
                0x0000000008011248                _mallinfo_r
 .text._malloc_r
                0x00000000080112b0       0xb4 /opt/homebrew/Cellar/gcc-arm-none-eabi/20200630/bin/../lib/gcc/arm-none-eabi/9.3.1/../../../../arm-none-eabi/lib/thumb/v7e-m+fp/hard/libc_nano.a(lib_a-nano-mallocr.o)
                0x00000000080112b0                _malloc_r
 .text._mallopt_r
                0x0000000008011364        0x4 /opt/homebrew/Cellar/gcc-arm-none-eabi/20200630/bin/../lib/gcc/arm-none-eabi/9.3.1/../../../../arm-none-eabi/lib/thumb/v7e-m+fp/hard/libc_nano.a(lib_a-nano-malloptr.o)
                0x0000000008011364                _mallopt_r
 .text._malloc_stats_r
                0x0000000008011368       0x50 /opt/homebrew/Cellar/gcc-arm-none-eabi/20200630/bin/../lib/gcc/arm-none-eabi/9.3.1/../../../../arm-none-eabi/lib/thumb/v7e-m+fp/hard/libc_nano.a(lib_a-nano-mallstatsr.o)
                0x0000000008011368                _malloc_stats_r
 .text.__cvt    0x00000000080113b8       0xc4 /opt/homebrew/Cellar/gcc-arm-none-eabi/20200630/bin/../lib/gcc/arm-none-eabi/9.3.1/../../../../arm-none-eabi/lib/thumb/v7e-m+fp/hard/libc_nano.a(lib_a-nano-vfprintf_float.o)
                0x00000000080113b8                __cvt
 .text.__exponent
                0x000000000801147c       0x7c /opt/homebrew/Cellar/gcc-arm-none-eabi/20200630/bin/../lib/gcc/arm-none-eabi/9.3.1/../../../../arm-none-eabi/lib/thumb/v7e-m+fp/hard/libc_nano.a(lib_a-nano-vfprintf_float.o)
                0x000000000801147c                __exponent
 .text._printf_float
                0x00000000080114f8      0x46c /opt/homebrew/Cellar/gcc-arm-none-eabi/20200630/bin/../lib/gcc/arm-none-eabi/9.3.1/../../../../arm-none-eabi/lib/thumb/v7e-m+fp/hard/libc_nano.a(lib_a-nano-vfprintf_float.o)
                0x00000000080114f8                _printf_float
 .text._printf_common
                0x0000000008011964       0xda /opt/homebrew/Cellar/gcc-arm-none-eabi/20200630/bin/../lib/gcc/arm-none-eabi/9.3.1/../../../../arm-none-eabi/lib/thumb/v7e-m+fp/hard/libc_nano.a(lib_a-nano-vfprintf_i.o)
                0x0000000008011964                _printf_common
 *fill*         0x0000000008011a3e        0x2 
 .text._printf_i
                0x0000000008011a40      0x24c /opt/homebrew/Cellar/gcc-arm-none-eabi/20200630/bin/../lib/gcc/arm-none-eabi/9.3.1/../../../../arm-none-eabi/lib/thumb/v7e-m+fp/hard/libc_nano.a(lib_a-nano-vfprintf_i.o)
                0x0000000008011a40                _printf_i
 .text._scanf_float
                0x0000000008011c8c      0x420 /opt/homebrew/Cellar/gcc-arm-none-eabi/20200630/bin/../lib/gcc/arm-none-eabi/9.3.1/../../../../arm-none-eabi/lib/thumb/v7e-m+fp/hard/libc_nano.a(lib_a-nano-vfscanf_float.o)
                0x0000000008011c8c                _scanf_float
 .text._printf_r
                0x00000000080120ac       0x28 /opt/homebrew/Cellar/gcc-arm-none-eabi/20200630/bin/../lib/gcc/arm-none-eabi/9.3.1/../../../../arm-none-eabi/lib/thumb/v7e-m+fp/hard/libc_nano.a(lib_a-printf.o)
                0x00000000080120ac                _printf_r
                0x00000000080120ac                _iprintf_r
 .text.printf   0x00000000080120d4       0x30 /opt/homebrew/Cellar/gcc-arm-none-eabi/20200630/bin/../lib/gcc/arm-none-eabi/9.3.1/../../../../arm-none-eabi/lib/thumb/v7e-m+fp/hard/libc_nano.a(lib_a-printf.o)
                0x00000000080120d4                printf
                0x00000000080120d4                iprintf
 .text.cleanup_glue
                0x0000000008012104       0x1a /opt/homebrew/Cellar/gcc-arm-none-eabi/20200630/bin/../lib/gcc/arm-none-eabi/9.3.1/../../../../arm-none-eabi/lib/thumb/v7e-m+fp/hard/libc_nano.a(lib_a-reent.o)
                0x0000000008012104                cleanup_glue
 *fill*         0x000000000801211e        0x2 
 .text._reclaim_reent
                0x0000000008012120       0xb8 /opt/homebrew/Cellar/gcc-arm-none-eabi/20200630/bin/../lib/gcc/arm-none-eabi/9.3.1/../../../../arm-none-eabi/lib/thumb/v7e-m+fp/hard/libc_nano.a(lib_a-reent.o)
                0x0000000008012120                _reclaim_reent
 .text._sbrk_r  0x00000000080121d8       0x20 /opt/homebrew/Cellar/gcc-arm-none-eabi/20200630/bin/../lib/gcc/arm-none-eabi/9.3.1/../../../../arm-none-eabi/lib/thumb/v7e-m+fp/hard/libc_nano.a(lib_a-sbrkr.o)
                0x00000000080121d8                _sbrk_r
 .text.setvbuf  0x00000000080121f8      0x18c /opt/homebrew/Cellar/gcc-arm-none-eabi/20200630/bin/../lib/gcc/arm-none-eabi/9.3.1/../../../../arm-none-eabi/lib/thumb/v7e-m+fp/hard/libc_nano.a(lib_a-setvbuf.o)
                0x00000000080121f8                setvbuf
 .text.nanf     0x0000000008012384        0xc /opt/homebrew/Cellar/gcc-arm-none-eabi/20200630/bin/../lib/gcc/arm-none-eabi/9.3.1/../../../../arm-none-eabi/lib/thumb/v7e-m+fp/hard/libc_nano.a(lib_a-sf_nan.o)